MPLINK 5.00, LINKER
Linker Map File - Created Tue Jan 03 23:49:08 2023

                                 Section Info
                  Section       Type    Address   Location Size(Bytes)
                ---------  ---------  ---------  ---------  ---------
               _entry_scn       code   0x000000    program   0x000006
           .code___init.o       code   0x000006    program   0x000002
      InterruptVectorHigh       code   0x000008    program   0x000006
         .romdata_timer.o    romdata   0x00000e    program   0x000000
     .idata_interrupt.o_i    romdata   0x00000e    program   0x000004
     .romdata_interrupt.o    romdata   0x00000e    program   0x000000
           .romdata_lcd.o    romdata   0x00000e    program   0x000000
      .romdata_fxd1616u.o    romdata   0x00000e    program   0x000000
      .romdata_fxd2424u.o    romdata   0x00000e    program   0x000000
      .romdata_fxd3232u.o    romdata   0x00000e    program   0x000000
          .romdata_main.o    romdata   0x00000e    program   0x000000
       .romdata_fxm3232.o    romdata   0x00000e    program   0x000000
        .romdata_button.o    romdata   0x00000e    program   0x000000
        .romdata___init.o    romdata   0x00000e    program   0x000000
         .romdata_c018i.o    romdata   0x00000e    program   0x000000
       .idata_fxm3232.o_i    romdata   0x000012    program   0x000000
      .idata_fxd3232u.o_i    romdata   0x000012    program   0x000000
        .idata___init.o_i    romdata   0x000012    program   0x000000
      .idata_fxd2424u.o_i    romdata   0x000012    program   0x000000
      .idata_fxd1616u.o_i    romdata   0x000012    program   0x000000
            .code_c018i.o       code   0x000012    program   0x000000
         .idata_c018i.o_i    romdata   0x000012    program   0x000000
       InterruptVectorLow       code   0x000018    program   0x000006
                   .cinit    romdata   0x00001e    program   0x00003e
             .code_main.o       code   0x00005c    program   0x001488
              .code_lcd.o       code   0x0014e4    program   0x00078a
            .code_timer.o       code   0x001c6e    program   0x0002f0
             .stringtable    romdata   0x001f5e    program   0x000186
        .code_interrupt.o       code   0x0020e4    program   0x00015a
           .code_button.o       code   0x00223e    program   0x00012a
                     PROG       code   0x002368    program   0x0000a6
               _cinit_scn       code   0x00240e    program   0x00009e
          .code_fxm3232.o       code   0x0024ac    program   0x000070
         .code_fxd3232u.o       code   0x00251c    program   0x000048
         .code_fxd2424u.o       code   0x002564    program   0x00003a
         .code_fxd1616u.o       code   0x00259e    program   0x00002c
                    .code       code   0x0025ca    program   0x000020
             _startup_scn       code   0x0025ea    program   0x00001c
         .idata_timer.o_i    romdata   0x002606    program   0x00002a
          .idata_main.o_i    romdata   0x002630    program   0x000071
           .idata_lcd.o_i    romdata   0x0026a1    program   0x000021
        .idata_button.o_i    romdata   0x0026c2    program   0x000030
    .config_300001_main.o    romdata   0x300001    program   0x000001
    .config_300002_main.o    romdata   0x300002    program   0x000001
    .config_300003_main.o    romdata   0x300003    program   0x000001
    .config_300005_main.o    romdata   0x300005    program   0x000001
    .config_300006_main.o    romdata   0x300006    program   0x000001
    .config_300008_main.o    romdata   0x300008    program   0x000001
    .config_300009_main.o    romdata   0x300009    program   0x000001
    .config_30000a_main.o    romdata   0x30000a    program   0x000001
    .config_30000b_main.o    romdata   0x30000b    program   0x000001
    .config_30000c_main.o    romdata   0x30000c    program   0x000001
    .config_30000d_main.o    romdata   0x30000d    program   0x000001
                MATH_DATA      udata   0x000000       data   0x000010
                 .tmpdata      udata   0x000010       data   0x00000a
            .idata_main.o      idata   0x000080       data   0x000071
           .udata_c018i.o      udata   0x0000f1       data   0x00000a
             .udata_lcd.o      udata   0x0000fb       data   0x000004
        .idata_fxd3232u.o      idata   0x0000ff       data   0x000000
        .udata_fxd3232u.o      udata   0x0000ff       data   0x000000
        .idata_fxd2424u.o      idata   0x0000ff       data   0x000000
        .udata_fxd2424u.o      udata   0x0000ff       data   0x000000
        .idata_fxd1616u.o      idata   0x0000ff       data   0x000000
        .udata_fxd1616u.o      udata   0x0000ff       data   0x000000
         .udata_fxm3232.o      udata   0x0000ff       data   0x000000
         .idata_fxm3232.o      idata   0x0000ff       data   0x000000
          .udata___init.o      udata   0x0000ff       data   0x000000
       .udata_interrupt.o      udata   0x0000ff       data   0x000000
          .idata___init.o      idata   0x0000ff       data   0x000000
           .udata_timer.o      udata   0x0000ff       data   0x000000
          .udata_button.o      udata   0x0000ff       data   0x000000
           .idata_c018i.o      idata   0x0000ff       data   0x000000
            .udata_main.o      udata   0x000100       data   0x000019
                   .stack      udata   0x000e00       data   0x000100
          .idata_button.o      idata   0x000f00       data   0x000030
           .idata_timer.o      idata   0x000f30       data   0x00002a
             .idata_lcd.o      idata   0x000f5a       data   0x000021
       .idata_interrupt.o      idata   0x000f7b       data   0x000004
            SFR_UNBANKED0      udata   0x000f80       data   0x000080



                              Program Memory Usage 
                               Start         End      
                           ---------   ---------      
                            0x000000    0x000011      
                            0x000018    0x0026f1      
                            0x300001    0x300003      
                            0x300005    0x300006      
                            0x300008    0x30000d      
            9975 out of 66584 program addresses used, program memory utilization is 14%



                              Symbols - Sorted by Name
                     Name    Address   Location    Storage File                     
                ---------  ---------  ---------  --------- ---------                
         App_PasswordDoor   0x000e90    program     extern C:\DoAnVXL\first_logic\main.c
               CheckAdmin   0x000e46    program     extern C:\DoAnVXL\first_logic\main.c
            CheckPassword   0x000dc0    program     extern C:\DoAnVXL\first_logic\main.c
                   D1616S   0x00238a    program     static E:\3.46\pic18-lt\cxx-framework\src\traditional\math\fxd1616s.asm
                D1616SNEG   0x002398    program     static E:\3.46\pic18-lt\cxx-framework\src\traditional\math\fxd1616s.asm
                 D1616SOK   0x002394    program     static E:\3.46\pic18-lt\cxx-framework\src\traditional\math\fxd1616s.asm
                  D1616SX   0x0023aa    program     static E:\3.46\pic18-lt\cxx-framework\src\traditional\math\fxd1616s.asm
                   D2424S   0x0023de    program     static E:\3.46\pic18-lt\cxx-framework\src\traditional\math\fxd2424s.asm
                D2424SNEG   0x0023ec    program     static E:\3.46\pic18-lt\cxx-framework\src\traditional\math\fxd2424s.asm
                 D2424SOK   0x0023e8    program     static E:\3.46\pic18-lt\cxx-framework\src\traditional\math\fxd2424s.asm
                  D2424SX   0x002404    program     static E:\3.46\pic18-lt\cxx-framework\src\traditional\math\fxd2424s.asm
                  DA1616S   0x00237a    program     static E:\3.46\pic18-lt\cxx-framework\src\traditional\math\fxd1616s.asm
                  DA2424S   0x0023ca    program     static E:\3.46\pic18-lt\cxx-framework\src\traditional\math\fxd2424s.asm
         DisplayLcdScreen   0x001896    program     extern C:\DoAnVXL\first_logic\lcd\lcd.c
        DisplayLcdScreen2   0x0018b6    program     extern C:\DoAnVXL\first_logic\lcd\lcd.c
            Display_Close   0x00067c    program     extern C:\DoAnVXL\first_logic\main.c
             Display_Open   0x00066e    program     extern C:\DoAnVXL\first_logic\main.c
           Display_moving   0x0005f2    program     extern C:\DoAnVXL\first_logic\main.c
                 FXD1616S   0x002368    program     extern E:\3.46\pic18-lt\cxx-framework\src\traditional\math\fxd1616s.asm
                 FXD1616U   0x00259e    program     extern E:\3.46\pic18-lt\cxx-framework\src\traditional\math\fxd1616u.c
                 FXD2424S   0x0023b4    program     extern E:\3.46\pic18-lt\cxx-framework\src\traditional\math\fxd2424s.asm
                 FXD2424U   0x002564    program     extern E:\3.46\pic18-lt\cxx-framework\src\traditional\math\fxd2424u.c
                 FXD3232U   0x00251c    program     extern E:\3.46\pic18-lt\cxx-framework\src\traditional\math\fxd3232u.c
                  FXM3232   0x0024ac    program     extern E:\3.46\pic18-lt\cxx-framework\src\traditional\math\fxm3232.c
      InterruptVectorHigh   0x000008    program     extern C:\DoAnVXL\first_logic\interrupt\interrupt.c
       InterruptVectorLow   0x000018    program     extern C:\DoAnVXL\first_logic\interrupt\interrupt.c
                LcdClearS   0x001846    program     extern C:\DoAnVXL\first_logic\lcd\lcd.c
            LcdPrintCharS   0x0018f2    program     extern C:\DoAnVXL\first_logic\lcd\lcd.c
              LcdPrintNum   0x0017ca    program     extern C:\DoAnVXL\first_logic\lcd\lcd.c
             LcdPrintNumS   0x001914    program     extern C:\DoAnVXL\first_logic\lcd\lcd.c
           LcdPrintString   0x0017e8    program     extern C:\DoAnVXL\first_logic\lcd\lcd.c
          LcdPrintStringS   0x0019b6    program     extern C:\DoAnVXL\first_logic\lcd\lcd.c
             SetTimer0_ms   0x001dd6    program     extern C:\DoAnVXL\first_logic\timer\timer.c
             SetTimer1_ms   0x001dec    program     extern C:\DoAnVXL\first_logic\timer\timer.c
             SetTimer3_ms   0x001e1c    program     extern C:\DoAnVXL\first_logic\timer\timer.c
       ___return_lbl00000   0x000004    program     static                          
       ___return_lbl00000   0x002562    program     static                          
       ___return_lbl00000   0x00259c    program     static                          
       ___return_lbl00000   0x0025c8    program     static                          
       ___return_lbl00000   0x00251a    program     static                          
       ___return_lbl00001   0x002604    program     static                          
       ___return_lbl00002   0x00001c    program     static                          
       ___return_lbl00002   0x0024aa    program     static                          
       ___return_lbl00003   0x00000c    program     static                          
               __config_0   0x300001    program     static C:\DoAnVXL\first_logic\main.c
               __config_1   0x300002    program     static C:\DoAnVXL\first_logic\main.c
              __config_10   0x30000d    program     static C:\DoAnVXL\first_logic\main.c
               __config_2   0x300003    program     static C:\DoAnVXL\first_logic\main.c
               __config_3   0x300005    program     static C:\DoAnVXL\first_logic\main.c
               __config_4   0x300006    program     static C:\DoAnVXL\first_logic\main.c
               __config_5   0x300008    program     static C:\DoAnVXL\first_logic\main.c
               __config_6   0x300009    program     static C:\DoAnVXL\first_logic\main.c
               __config_7   0x30000a    program     static C:\DoAnVXL\first_logic\main.c
               __config_8   0x30000b    program     static C:\DoAnVXL\first_logic\main.c
               __config_9   0x30000c    program     static C:\DoAnVXL\first_logic\main.c
                   __init   0x000006    program     extern E:\3.46\pic18-lt\cxx-framework\src\traditional\stdclib\__init.c
                   __pa_0   0x0019e8    program     static C:\DoAnVXL\first_logic\lcd\lcd.c
                   __pa_0   0x002330    program     static C:\DoAnVXL\first_logic\button_matrix\button.c
                   __pa_0   0x001162    program     static C:\DoAnVXL\first_logic\main.c
                   __pa_0   0x0021c4    program     static C:\DoAnVXL\first_logic\interrupt\interrupt.c
                   __pa_0   0x001eac    program     static C:\DoAnVXL\first_logic\timer\timer.c
                   __pa_1   0x001170    program     static C:\DoAnVXL\first_logic\main.c
                   __pa_1   0x0021ee    program     static C:\DoAnVXL\first_logic\interrupt\interrupt.c
                   __pa_1   0x001ed8    program     static C:\DoAnVXL\first_logic\timer\timer.c
                   __pa_1   0x0019f6    program     static C:\DoAnVXL\first_logic\lcd\lcd.c
                   __pa_1   0x002356    program     static C:\DoAnVXL\first_logic\button_matrix\button.c
                  __pa_10   0x001f42    program     static C:\DoAnVXL\first_logic\timer\timer.c
                  __pa_10   0x0011be    program     static C:\DoAnVXL\first_logic\main.c
                  __pa_10   0x001a9c    program     static C:\DoAnVXL\first_logic\lcd\lcd.c
                  __pa_11   0x001ab6    program     static C:\DoAnVXL\first_logic\lcd\lcd.c
                  __pa_11   0x001f50    program     static C:\DoAnVXL\first_logic\timer\timer.c
                  __pa_11   0x0011c6    program     static C:\DoAnVXL\first_logic\main.c
                  __pa_12   0x001abe    program     static C:\DoAnVXL\first_logic\lcd\lcd.c
                  __pa_12   0x0011d0    program     static C:\DoAnVXL\first_logic\main.c
                  __pa_13   0x001ad6    program     static C:\DoAnVXL\first_logic\lcd\lcd.c
                  __pa_13   0x0011de    program     static C:\DoAnVXL\first_logic\main.c
                  __pa_14   0x001ae8    program     static C:\DoAnVXL\first_logic\lcd\lcd.c
                  __pa_14   0x0011fa    program     static C:\DoAnVXL\first_logic\main.c
                  __pa_15   0x001af4    program     static C:\DoAnVXL\first_logic\lcd\lcd.c
                  __pa_15   0x001204    program     static C:\DoAnVXL\first_logic\main.c
                  __pa_16   0x00120e    program     static C:\DoAnVXL\first_logic\main.c
                  __pa_16   0x001b06    program     static C:\DoAnVXL\first_logic\lcd\lcd.c
                  __pa_17   0x001218    program     static C:\DoAnVXL\first_logic\main.c
                  __pa_17   0x001b18    program     static C:\DoAnVXL\first_logic\lcd\lcd.c
                  __pa_18   0x001222    program     static C:\DoAnVXL\first_logic\main.c
                  __pa_18   0x001b22    program     static C:\DoAnVXL\first_logic\lcd\lcd.c
                  __pa_19   0x001234    program     static C:\DoAnVXL\first_logic\main.c
                  __pa_19   0x001b2a    program     static C:\DoAnVXL\first_logic\lcd\lcd.c
                   __pa_2   0x001176    program     static C:\DoAnVXL\first_logic\main.c
                   __pa_2   0x001a04    program     static C:\DoAnVXL\first_logic\lcd\lcd.c
                   __pa_2   0x002214    program     static C:\DoAnVXL\first_logic\interrupt\interrupt.c
                   __pa_2   0x001ee2    program     static C:\DoAnVXL\first_logic\timer\timer.c
                  __pa_20   0x001242    program     static C:\DoAnVXL\first_logic\main.c
                  __pa_20   0x001b38    program     static C:\DoAnVXL\first_logic\lcd\lcd.c
                  __pa_21   0x001b46    program     static C:\DoAnVXL\first_logic\lcd\lcd.c
                  __pa_21   0x00124c    program     static C:\DoAnVXL\first_logic\main.c
                  __pa_22   0x001b50    program     static C:\DoAnVXL\first_logic\lcd\lcd.c
                  __pa_22   0x001264    program     static C:\DoAnVXL\first_logic\main.c
                  __pa_23   0x001b62    program     static C:\DoAnVXL\first_logic\lcd\lcd.c
                  __pa_23   0x001272    program     static C:\DoAnVXL\first_logic\main.c
                  __pa_24   0x001b70    program     static C:\DoAnVXL\first_logic\lcd\lcd.c
                  __pa_24   0x001280    program     static C:\DoAnVXL\first_logic\main.c
                  __pa_25   0x00128e    program     static C:\DoAnVXL\first_logic\main.c
                  __pa_25   0x001b7a    program     static C:\DoAnVXL\first_logic\lcd\lcd.c
                  __pa_26   0x001292    program     static C:\DoAnVXL\first_logic\main.c
                  __pa_26   0x001b90    program     static C:\DoAnVXL\first_logic\lcd\lcd.c
                  __pa_27   0x00129a    program     static C:\DoAnVXL\first_logic\main.c
                  __pa_27   0x001ba2    program     static C:\DoAnVXL\first_logic\lcd\lcd.c
                  __pa_28   0x0012ac    program     static C:\DoAnVXL\first_logic\main.c
                  __pa_28   0x001bb8    program     static C:\DoAnVXL\first_logic\lcd\lcd.c
                  __pa_29   0x001bc2    program     static C:\DoAnVXL\first_logic\lcd\lcd.c
                  __pa_29   0x0012be    program     static C:\DoAnVXL\first_logic\main.c
                   __pa_3   0x001180    program     static C:\DoAnVXL\first_logic\main.c
                   __pa_3   0x002222    program     static C:\DoAnVXL\first_logic\interrupt\interrupt.c
                   __pa_3   0x001eea    program     static C:\DoAnVXL\first_logic\timer\timer.c
                   __pa_3   0x001a0e    program     static C:\DoAnVXL\first_logic\lcd\lcd.c
                  __pa_30   0x001bca    program     static C:\DoAnVXL\first_logic\lcd\lcd.c
                  __pa_30   0x0012ca    program     static C:\DoAnVXL\first_logic\main.c
                  __pa_31   0x001bd6    program     static C:\DoAnVXL\first_logic\lcd\lcd.c
                  __pa_31   0x0012d4    program     static C:\DoAnVXL\first_logic\main.c
                  __pa_32   0x0012de    program     static C:\DoAnVXL\first_logic\main.c
                  __pa_32   0x001be8    program     static C:\DoAnVXL\first_logic\lcd\lcd.c
                  __pa_33   0x0012ee    program     static C:\DoAnVXL\first_logic\main.c
                  __pa_33   0x001bfa    program     static C:\DoAnVXL\first_logic\lcd\lcd.c
                  __pa_34   0x0012f6    program     static C:\DoAnVXL\first_logic\main.c
                  __pa_34   0x001c0c    program     static C:\DoAnVXL\first_logic\lcd\lcd.c
                  __pa_35   0x0012fe    program     static C:\DoAnVXL\first_logic\main.c
                  __pa_35   0x001c16    program     static C:\DoAnVXL\first_logic\lcd\lcd.c
                  __pa_36   0x001c24    program     static C:\DoAnVXL\first_logic\lcd\lcd.c
                  __pa_36   0x00130a    program     static C:\DoAnVXL\first_logic\main.c
                  __pa_37   0x001316    program     static C:\DoAnVXL\first_logic\main.c
                  __pa_37   0x001c32    program     static C:\DoAnVXL\first_logic\lcd\lcd.c
                  __pa_38   0x00131c    program     static C:\DoAnVXL\first_logic\main.c
                  __pa_38   0x001c3e    program     static C:\DoAnVXL\first_logic\lcd\lcd.c
                  __pa_39   0x001326    program     static C:\DoAnVXL\first_logic\main.c
                  __pa_39   0x001c4a    program     static C:\DoAnVXL\first_logic\lcd\lcd.c
                   __pa_4   0x002230    program     static C:\DoAnVXL\first_logic\interrupt\interrupt.c
                   __pa_4   0x001ef2    program     static C:\DoAnVXL\first_logic\timer\timer.c
                   __pa_4   0x001a16    program     static C:\DoAnVXL\first_logic\lcd\lcd.c
                   __pa_4   0x00118a    program     static C:\DoAnVXL\first_logic\main.c
                  __pa_40   0x00132a    program     static C:\DoAnVXL\first_logic\main.c
                  __pa_40   0x001c56    program     static C:\DoAnVXL\first_logic\lcd\lcd.c
                  __pa_41   0x001c5e    program     static C:\DoAnVXL\first_logic\lcd\lcd.c
                  __pa_41   0x00132e    program     static C:\DoAnVXL\first_logic\main.c
                  __pa_42   0x001c64    program     static C:\DoAnVXL\first_logic\lcd\lcd.c
                  __pa_42   0x001332    program     static C:\DoAnVXL\first_logic\main.c
                  __pa_43   0x00133c    program     static C:\DoAnVXL\first_logic\main.c
                  __pa_44   0x001344    program     static C:\DoAnVXL\first_logic\main.c
                  __pa_45   0x00134c    program     static C:\DoAnVXL\first_logic\main.c
                  __pa_46   0x001354    program     static C:\DoAnVXL\first_logic\main.c
                  __pa_47   0x00135c    program     static C:\DoAnVXL\first_logic\main.c
                  __pa_48   0x001366    program     static C:\DoAnVXL\first_logic\main.c
                  __pa_49   0x00136e    program     static C:\DoAnVXL\first_logic\main.c
                   __pa_5   0x001f02    program     static C:\DoAnVXL\first_logic\timer\timer.c
                   __pa_5   0x00118e    program     static C:\DoAnVXL\first_logic\main.c
                   __pa_5   0x001a28    program     static C:\DoAnVXL\first_logic\lcd\lcd.c
                  __pa_50   0x001376    program     static C:\DoAnVXL\first_logic\main.c
                  __pa_51   0x001380    program     static C:\DoAnVXL\first_logic\main.c
                  __pa_52   0x00138a    program     static C:\DoAnVXL\first_logic\main.c
                  __pa_53   0x0013a0    program     static C:\DoAnVXL\first_logic\main.c
                  __pa_54   0x0013a8    program     static C:\DoAnVXL\first_logic\main.c
                  __pa_55   0x0013ae    program     static C:\DoAnVXL\first_logic\main.c
                  __pa_56   0x0013c0    program     static C:\DoAnVXL\first_logic\main.c
                  __pa_57   0x0013d6    program     static C:\DoAnVXL\first_logic\main.c
                  __pa_58   0x0013e0    program     static C:\DoAnVXL\first_logic\main.c
                  __pa_59   0x0013ea    program     static C:\DoAnVXL\first_logic\main.c
                   __pa_6   0x001f12    program     static C:\DoAnVXL\first_logic\timer\timer.c
                   __pa_6   0x001a46    program     static C:\DoAnVXL\first_logic\lcd\lcd.c
                   __pa_6   0x001196    program     static C:\DoAnVXL\first_logic\main.c
                  __pa_60   0x0013fa    program     static C:\DoAnVXL\first_logic\main.c
                  __pa_61   0x001408    program     static C:\DoAnVXL\first_logic\main.c
                  __pa_62   0x00141a    program     static C:\DoAnVXL\first_logic\main.c
                  __pa_63   0x001424    program     static C:\DoAnVXL\first_logic\main.c
                  __pa_64   0x00142a    program     static C:\DoAnVXL\first_logic\main.c
                  __pa_65   0x001432    program     static C:\DoAnVXL\first_logic\main.c
                  __pa_66   0x001438    program     static C:\DoAnVXL\first_logic\main.c
                  __pa_67   0x001442    program     static C:\DoAnVXL\first_logic\main.c
                  __pa_68   0x00144a    program     static C:\DoAnVXL\first_logic\main.c
                  __pa_69   0x001458    program     static C:\DoAnVXL\first_logic\main.c
                   __pa_7   0x0011a0    program     static C:\DoAnVXL\first_logic\main.c
                   __pa_7   0x001a5e    program     static C:\DoAnVXL\first_logic\lcd\lcd.c
                   __pa_7   0x001f20    program     static C:\DoAnVXL\first_logic\timer\timer.c
                  __pa_70   0x001464    program     static C:\DoAnVXL\first_logic\main.c
                  __pa_71   0x00146c    program     static C:\DoAnVXL\first_logic\main.c
                  __pa_72   0x001476    program     static C:\DoAnVXL\first_logic\main.c
                  __pa_73   0x001482    program     static C:\DoAnVXL\first_logic\main.c
                  __pa_74   0x00148c    program     static C:\DoAnVXL\first_logic\main.c
                  __pa_75   0x00149a    program     static C:\DoAnVXL\first_logic\main.c
                  __pa_76   0x0014a6    program     static C:\DoAnVXL\first_logic\main.c
                  __pa_77   0x0014b2    program     static C:\DoAnVXL\first_logic\main.c
                  __pa_78   0x0014ba    program     static C:\DoAnVXL\first_logic\main.c
                  __pa_79   0x0014c2    program     static C:\DoAnVXL\first_logic\main.c
                   __pa_8   0x0011a8    program     static C:\DoAnVXL\first_logic\main.c
                   __pa_8   0x001a78    program     static C:\DoAnVXL\first_logic\lcd\lcd.c
                   __pa_8   0x001f2e    program     static C:\DoAnVXL\first_logic\timer\timer.c
                  __pa_80   0x0014ce    program     static C:\DoAnVXL\first_logic\main.c
                  __pa_81   0x0014dc    program     static C:\DoAnVXL\first_logic\main.c
                   __pa_9   0x001a92    program     static C:\DoAnVXL\first_logic\lcd\lcd.c
                   __pa_9   0x0011ba    program     static C:\DoAnVXL\first_logic\main.c
                   __pa_9   0x001f3c    program     static C:\DoAnVXL\first_logic\timer\timer.c
               __string_0   0x0020d8    program     static C:\DoAnVXL\first_logic\main.c
               __string_1   0x0020ca    program     static C:\DoAnVXL\first_logic\main.c
              __string_10   0x002072    program     static C:\DoAnVXL\first_logic\main.c
              __string_11   0x002065    program     static C:\DoAnVXL\first_logic\main.c
              __string_12   0x00205d    program     static C:\DoAnVXL\first_logic\main.c
              __string_13   0x00204e    program     static C:\DoAnVXL\first_logic\main.c
              __string_14   0x00203d    program     static C:\DoAnVXL\first_logic\main.c
              __string_15   0x00202c    program     static C:\DoAnVXL\first_logic\main.c
              __string_16   0x00202a    program     static C:\DoAnVXL\first_logic\main.c
              __string_17   0x002019    program     static C:\DoAnVXL\first_logic\main.c
              __string_18   0x002008    program     static C:\DoAnVXL\first_logic\main.c
              __string_19   0x001ff7    program     static C:\DoAnVXL\first_logic\main.c
               __string_2   0x0020c7    program     static C:\DoAnVXL\first_logic\main.c
              __string_20   0x001fe6    program     static C:\DoAnVXL\first_logic\main.c
              __string_21   0x001fd5    program     static C:\DoAnVXL\first_logic\main.c
              __string_22   0x001fc4    program     static C:\DoAnVXL\first_logic\main.c
              __string_23   0x001fb3    program     static C:\DoAnVXL\first_logic\main.c
              __string_24   0x001fa2    program     static C:\DoAnVXL\first_logic\main.c
              __string_25   0x001f91    program     static C:\DoAnVXL\first_logic\main.c
              __string_26   0x001f80    program     static C:\DoAnVXL\first_logic\main.c
              __string_27   0x001f6f    program     static C:\DoAnVXL\first_logic\main.c
              __string_28   0x001f5e    program     static C:\DoAnVXL\first_logic\main.c
               __string_3   0x0020c2    program     static C:\DoAnVXL\first_logic\main.c
               __string_4   0x0020ba    program     static C:\DoAnVXL\first_logic\main.c
               __string_5   0x0020aa    program     static C:\DoAnVXL\first_logic\main.c
               __string_6   0x002095    program     static C:\DoAnVXL\first_logic\main.c
               __string_7   0x002080    program     static C:\DoAnVXL\first_logic\main.c
               __string_8   0x00207b    program     static C:\DoAnVXL\first_logic\main.c
               __string_9   0x002077    program     static C:\DoAnVXL\first_logic\main.c
              __tmplbl_72   0x0011ba    program     static                          
              __tmplbl_74   0x0011ba    program     static                          
              __tmplbl_75   0x0014b2    program     static                          
              __tmplbl_76   0x0011ba    program     static                          
              __tmplbl_78   0x0011ba    program     static                          
              __tmplbl_79   0x0011ba    program     static                          
              __tmplbl_80   0x0011ba    program     static                          
              __tmplbl_81   0x0011ba    program     static                          
              __tmplbl_89   0x0011ba    program     static                          
            __zero_memory   0x0025ca    program     extern E:\3.46\pic18-lt\cxx-framework\src\traditional\proc\p18f4620.asm
                _do_cinit   0x00240e    program     extern E:\3.46\pic18-lt\cxx-framework\src\traditional\startup\c018i.c
                   _entry   0x000000    program     extern E:\3.46\pic18-lt\cxx-framework\src\traditional\startup\c018i.c
                   _false   0x002598    program     static                          
                   _false   0x00255e    program     static                          
                 _startup   0x0025ea    program     extern E:\3.46\pic18-lt\cxx-framework\src\traditional\startup\c018i.c
checkBtn_changeTo_elevator_mode   0x000874    program     extern C:\DoAnVXL\first_logic\main.c
checkBtn_changeTo_outside_inside_mode   0x000898    program     extern C:\DoAnVXL\first_logic\main.c
          checkBtn_inside   0x0008bc    program     extern C:\DoAnVXL\first_logic\main.c
         checkBtn_outside   0x000968    program     extern C:\DoAnVXL\first_logic\main.c
  checkBtn_outside_asking   0x000a08    program     extern C:\DoAnVXL\first_logic\main.c
         check_all_in_use   0x00025e    program     extern C:\DoAnVXL\first_logic\main.c
check_current_floor_is_clicked   0x0003d2    program     extern C:\DoAnVXL\first_logic\main.c
check_inside_down_floor_remain   0x000392    program     extern C:\DoAnVXL\first_logic\main.c
      check_max_all_floor   0x0002bc    program     extern C:\DoAnVXL\first_logic\main.c
check_outside_down_floor_remain   0x000352    program     extern C:\DoAnVXL\first_logic\main.c
              check_state   0x0004a0    program     extern C:\DoAnVXL\first_logic\main.c
             clear_inside   0x0001ea    program     extern C:\DoAnVXL\first_logic\main.c
                compare_l   0x0025e0    program     static E:\3.46\pic18-lt\cxx-framework\src\traditional\proc\p18f4620.asm
                copy_loop   0x002480    program     static                          
            copy_one_byte   0x002486    program     static                          
                 delay_ms   0x00008c    program     extern C:\DoAnVXL\first_logic\main.c
   display_led_for_floors   0x000bcc    program     extern C:\DoAnVXL\first_logic\main.c
      display_view_inside   0x000b10    program     extern C:\DoAnVXL\first_logic\main.c
     display_view_outside   0x000a4c    program     extern C:\DoAnVXL\first_logic\main.c
display_view_outside_asking   0x000b98    program     extern C:\DoAnVXL\first_logic\main.c
                     done   0x0024aa    program     static                          
             done_copying   0x002494    program     static                          
                  endloop   0x0025c4    program     static                          
                floor_mod   0x0001ba    program     extern C:\DoAnVXL\first_logic\main.c
            fsm_automatic   0x00068a    program     extern C:\DoAnVXL\first_logic\main.c
       fsm_outside_inside   0x000cd8    program     extern C:\DoAnVXL\first_logic\main.c
                 high_isr   0x002166    program     extern C:\DoAnVXL\first_logic\interrupt\interrupt.c
            init_ext_int0   0x0020ec    program     extern C:\DoAnVXL\first_logic\interrupt\interrupt.c
           init_interrupt   0x0020e4    program     extern C:\DoAnVXL\first_logic\interrupt\interrupt.c
          init_key_matrix   0x00223e    program     extern C:\DoAnVXL\first_logic\button_matrix\button.c
                 init_lcd   0x0015ac    program     extern C:\DoAnVXL\first_logic\lcd\lcd.c
              init_system   0x000102    program     extern C:\DoAnVXL\first_logic\main.c
              init_timer0   0x001c6e    program     extern C:\DoAnVXL\first_logic\timer\timer.c
              init_timer1   0x001c9a    program     extern C:\DoAnVXL\first_logic\timer\timer.c
              init_timer2   0x001ccc    program     extern C:\DoAnVXL\first_logic\timer\timer.c
              init_timer3   0x001cf8    program     extern C:\DoAnVXL\first_logic\timer\timer.c
                  initial   0x000194    program     extern C:\DoAnVXL\first_logic\main.c
       isAnyButtonClicked   0x000d70    program     extern C:\DoAnVXL\first_logic\main.c
            isButtonEnter   0x000dae    program     extern C:\DoAnVXL\first_logic\main.c
          isButtonPressed   0x00021a    program     extern C:\DoAnVXL\first_logic\main.c
                lcd_clear   0x0017be    program     extern C:\DoAnVXL\first_logic\lcd\lcd.c
                lcd_delay   0x0014e4    program     extern C:\DoAnVXL\first_logic\lcd\lcd.c
             lcd_power_of   0x001640    program     extern C:\DoAnVXL\first_logic\lcd\lcd.c
           lcd_print_char   0x001602    program     extern C:\DoAnVXL\first_logic\lcd\lcd.c
          lcd_print_charS   0x0017fe    program     extern C:\DoAnVXL\first_logic\lcd\lcd.c
            lcd_print_num   0x0016ea    program     extern C:\DoAnVXL\first_logic\lcd\lcd.c
            lcd_print_str   0x001610    program     extern C:\DoAnVXL\first_logic\lcd\lcd.c
         lcd_send_command   0x00159a    program     extern C:\DoAnVXL\first_logic\lcd\lcd.c
           lcd_set_cursor   0x001794    program     extern C:\DoAnVXL\first_logic\lcd\lcd.c
          lcd_write_4bits   0x0015e2    program     extern C:\DoAnVXL\first_logic\lcd\lcd.c
            lcd_write_cmd   0x0015f0    program     extern C:\DoAnVXL\first_logic\lcd\lcd.c
           lcd_write_data   0x0015f8    program     extern C:\DoAnVXL\first_logic\lcd\lcd.c
                     loop   0x0025a8    program     static                          
                     loop   0x002570    program     static                          
                     loop   0x00252a    program     static                          
                     loop   0x0025fa    program     static                          
                   loop_h   0x0025d8    program     static E:\3.46\pic18-lt\cxx-framework\src\traditional\proc\p18f4620.asm
                   loop_l   0x0025e2    program     static E:\3.46\pic18-lt\cxx-framework\src\traditional\proc\p18f4620.asm
                  low_isr   0x0020f4    program     extern C:\DoAnVXL\first_logic\interrupt\interrupt.c
                     main   0x00005c    program     extern C:\DoAnVXL\first_logic\main.c
          scan_key_matrix   0x002246    program     extern C:\DoAnVXL\first_logic\button_matrix\button.c
    setTimer_for_dung_yen   0x001e4c    program     extern C:\DoAnVXL\first_logic\timer\timer.c
   setTimer_for_open_door   0x001e7c    program     extern C:\DoAnVXL\first_logic\timer\timer.c
             start_timer0   0x001c94    program     extern C:\DoAnVXL\first_logic\timer\timer.c
             start_timer1   0x001cc2    program     extern C:\DoAnVXL\first_logic\timer\timer.c
             start_timer2   0x001cec    program     extern C:\DoAnVXL\first_logic\timer\timer.c
             start_timer3   0x001d26    program     extern C:\DoAnVXL\first_logic\timer\timer.c
              stop_timer0   0x001c90    program     extern C:\DoAnVXL\first_logic\timer\timer.c
              stop_timer1   0x001cc8    program     extern C:\DoAnVXL\first_logic\timer\timer.c
              stop_timer2   0x001cf4    program     extern C:\DoAnVXL\first_logic\timer\timer.c
              stop_timer3   0x001d36    program     extern C:\DoAnVXL\first_logic\timer\timer.c
                     test   0x002428    program     static                          
               timer0_isr   0x001d3a    program     extern C:\DoAnVXL\first_logic\timer\timer.c
               timer1_isr   0x001d56    program     extern C:\DoAnVXL\first_logic\timer\timer.c
               timer2_isr   0x001d72    program     extern C:\DoAnVXL\first_logic\timer\timer.c
               timer3_isr   0x001d8e    program     extern C:\DoAnVXL\first_logic\timer\timer.c
                 v_timer0   0x001538    program     extern C:\DoAnVXL\first_logic\lcd\lcd.c
               zero_block   0x0025d8    program     static E:\3.46\pic18-lt\cxx-framework\src\traditional\proc\p18f4620.asm
                   ADCON0   0x000fc2       data     extern E:\3.46\pic18-lt\cxx-framework\src\traditional\proc\p18f4620.asm
               ADCON0bits   0x000fc2       data     extern E:\3.46\pic18-lt\cxx-framework\src\traditional\proc\p18f4620.asm
                   ADCON1   0x000fc1       data     extern E:\3.46\pic18-lt\cxx-framework\src\traditional\proc\p18f4620.asm
               ADCON1bits   0x000fc1       data     extern E:\3.46\pic18-lt\cxx-framework\src\traditional\proc\p18f4620.asm
                   ADCON2   0x000fc0       data     extern E:\3.46\pic18-lt\cxx-framework\src\traditional\proc\p18f4620.asm
               ADCON2bits   0x000fc0       data     extern E:\3.46\pic18-lt\cxx-framework\src\traditional\proc\p18f4620.asm
                    ADRES   0x000fc3       data     extern E:\3.46\pic18-lt\cxx-framework\src\traditional\proc\p18f4620.asm
                   ADRESH   0x000fc4       data     extern E:\3.46\pic18-lt\cxx-framework\src\traditional\proc\p18f4620.asm
                   ADRESL   0x000fc3       data     extern E:\3.46\pic18-lt\cxx-framework\src\traditional\proc\p18f4620.asm
                  BAUDCON   0x000fb8       data     extern E:\3.46\pic18-lt\cxx-framework\src\traditional\proc\p18f4620.asm
              BAUDCONbits   0x000fb8       data     extern E:\3.46\pic18-lt\cxx-framework\src\traditional\proc\p18f4620.asm
                  BAUDCTL   0x000fb8       data     extern E:\3.46\pic18-lt\cxx-framework\src\traditional\proc\p18f4620.asm
              BAUDCTLbits   0x000fb8       data     extern E:\3.46\pic18-lt\cxx-framework\src\traditional\proc\p18f4620.asm
                      BSR   0x000fe0       data     extern E:\3.46\pic18-lt\cxx-framework\src\traditional\proc\p18f4620.asm
                  CCP1CON   0x000fbd       data     extern E:\3.46\pic18-lt\cxx-framework\src\traditional\proc\p18f4620.asm
              CCP1CONbits   0x000fbd       data     extern E:\3.46\pic18-lt\cxx-framework\src\traditional\proc\p18f4620.asm
                  CCP2CON   0x000fba       data     extern E:\3.46\pic18-lt\cxx-framework\src\traditional\proc\p18f4620.asm
              CCP2CONbits   0x000fba       data     extern E:\3.46\pic18-lt\cxx-framework\src\traditional\proc\p18f4620.asm
                    CCPR1   0x000fbe       data     extern E:\3.46\pic18-lt\cxx-framework\src\traditional\proc\p18f4620.asm
                   CCPR1H   0x000fbf       data     extern E:\3.46\pic18-lt\cxx-framework\src\traditional\proc\p18f4620.asm
                   CCPR1L   0x000fbe       data     extern E:\3.46\pic18-lt\cxx-framework\src\traditional\proc\p18f4620.asm
                    CCPR2   0x000fbb       data     extern E:\3.46\pic18-lt\cxx-framework\src\traditional\proc\p18f4620.asm
                   CCPR2H   0x000fbc       data     extern E:\3.46\pic18-lt\cxx-framework\src\traditional\proc\p18f4620.asm
                   CCPR2L   0x000fbb       data     extern E:\3.46\pic18-lt\cxx-framework\src\traditional\proc\p18f4620.asm
                    CMCON   0x000fb4       data     extern E:\3.46\pic18-lt\cxx-framework\src\traditional\proc\p18f4620.asm
                CMCONbits   0x000fb4       data     extern E:\3.46\pic18-lt\cxx-framework\src\traditional\proc\p18f4620.asm
                   CVRCON   0x000fb5       data     extern E:\3.46\pic18-lt\cxx-framework\src\traditional\proc\p18f4620.asm
               CVRCONbits   0x000fb5       data     extern E:\3.46\pic18-lt\cxx-framework\src\traditional\proc\p18f4620.asm
                     DDRA   0x000f92       data     extern E:\3.46\pic18-lt\cxx-framework\src\traditional\proc\p18f4620.asm
                 DDRAbits   0x000f92       data     extern E:\3.46\pic18-lt\cxx-framework\src\traditional\proc\p18f4620.asm
                     DDRB   0x000f93       data     extern E:\3.46\pic18-lt\cxx-framework\src\traditional\proc\p18f4620.asm
                 DDRBbits   0x000f93       data     extern E:\3.46\pic18-lt\cxx-framework\src\traditional\proc\p18f4620.asm
                     DDRC   0x000f94       data     extern E:\3.46\pic18-lt\cxx-framework\src\traditional\proc\p18f4620.asm
                 DDRCbits   0x000f94       data     extern E:\3.46\pic18-lt\cxx-framework\src\traditional\proc\p18f4620.asm
                     DDRD   0x000f95       data     extern E:\3.46\pic18-lt\cxx-framework\src\traditional\proc\p18f4620.asm
                 DDRDbits   0x000f95       data     extern E:\3.46\pic18-lt\cxx-framework\src\traditional\proc\p18f4620.asm
                     DDRE   0x000f96       data     extern E:\3.46\pic18-lt\cxx-framework\src\traditional\proc\p18f4620.asm
                 DDREbits   0x000f96       data     extern E:\3.46\pic18-lt\cxx-framework\src\traditional\proc\p18f4620.asm
                  ECCP1AS   0x000fb6       data     extern E:\3.46\pic18-lt\cxx-framework\src\traditional\proc\p18f4620.asm
              ECCP1ASbits   0x000fb6       data     extern E:\3.46\pic18-lt\cxx-framework\src\traditional\proc\p18f4620.asm
                    EEADR   0x000fa9       data     extern E:\3.46\pic18-lt\cxx-framework\src\traditional\proc\p18f4620.asm
                   EEADRH   0x000faa       data     extern E:\3.46\pic18-lt\cxx-framework\src\traditional\proc\p18f4620.asm
                   EECON1   0x000fa6       data     extern E:\3.46\pic18-lt\cxx-framework\src\traditional\proc\p18f4620.asm
               EECON1bits   0x000fa6       data     extern E:\3.46\pic18-lt\cxx-framework\src\traditional\proc\p18f4620.asm
                   EECON2   0x000fa7       data     extern E:\3.46\pic18-lt\cxx-framework\src\traditional\proc\p18f4620.asm
                   EEDATA   0x000fa8       data     extern E:\3.46\pic18-lt\cxx-framework\src\traditional\proc\p18f4620.asm
                     FSR0   0x000fe9       data     extern E:\3.46\pic18-lt\cxx-framework\src\traditional\proc\p18f4620.asm
                    FSR0H   0x000fea       data     extern E:\3.46\pic18-lt\cxx-framework\src\traditional\proc\p18f4620.asm
                    FSR0L   0x000fe9       data     extern E:\3.46\pic18-lt\cxx-framework\src\traditional\proc\p18f4620.asm
                     FSR1   0x000fe1       data     extern E:\3.46\pic18-lt\cxx-framework\src\traditional\proc\p18f4620.asm
                    FSR1H   0x000fe2       data     extern E:\3.46\pic18-lt\cxx-framework\src\traditional\proc\p18f4620.asm
                    FSR1L   0x000fe1       data     extern E:\3.46\pic18-lt\cxx-framework\src\traditional\proc\p18f4620.asm
                     FSR2   0x000fd9       data     extern E:\3.46\pic18-lt\cxx-framework\src\traditional\proc\p18f4620.asm
                    FSR2H   0x000fda       data     extern E:\3.46\pic18-lt\cxx-framework\src\traditional\proc\p18f4620.asm
                    FSR2L   0x000fd9       data     extern E:\3.46\pic18-lt\cxx-framework\src\traditional\proc\p18f4620.asm
                  HLVDCON   0x000fd2       data     extern E:\3.46\pic18-lt\cxx-framework\src\traditional\proc\p18f4620.asm
              HLVDCONbits   0x000fd2       data     extern E:\3.46\pic18-lt\cxx-framework\src\traditional\proc\p18f4620.asm
                    INDF0   0x000fef       data     extern E:\3.46\pic18-lt\cxx-framework\src\traditional\proc\p18f4620.asm
                    INDF1   0x000fe7       data     extern E:\3.46\pic18-lt\cxx-framework\src\traditional\proc\p18f4620.asm
                    INDF2   0x000fdf       data     extern E:\3.46\pic18-lt\cxx-framework\src\traditional\proc\p18f4620.asm
                   INTCON   0x000ff2       data     extern E:\3.46\pic18-lt\cxx-framework\src\traditional\proc\p18f4620.asm
                  INTCON2   0x000ff1       data     extern E:\3.46\pic18-lt\cxx-framework\src\traditional\proc\p18f4620.asm
              INTCON2bits   0x000ff1       data     extern E:\3.46\pic18-lt\cxx-framework\src\traditional\proc\p18f4620.asm
                  INTCON3   0x000ff0       data     extern E:\3.46\pic18-lt\cxx-framework\src\traditional\proc\p18f4620.asm
              INTCON3bits   0x000ff0       data     extern E:\3.46\pic18-lt\cxx-framework\src\traditional\proc\p18f4620.asm
               INTCONbits   0x000ff2       data     extern E:\3.46\pic18-lt\cxx-framework\src\traditional\proc\p18f4620.asm
                     IPR1   0x000f9f       data     extern E:\3.46\pic18-lt\cxx-framework\src\traditional\proc\p18f4620.asm
                 IPR1bits   0x000f9f       data     extern E:\3.46\pic18-lt\cxx-framework\src\traditional\proc\p18f4620.asm
                     IPR2   0x000fa2       data     extern E:\3.46\pic18-lt\cxx-framework\src\traditional\proc\p18f4620.asm
                 IPR2bits   0x000fa2       data     extern E:\3.46\pic18-lt\cxx-framework\src\traditional\proc\p18f4620.asm
                     LATA   0x000f89       data     extern E:\3.46\pic18-lt\cxx-framework\src\traditional\proc\p18f4620.asm
                 LATAbits   0x000f89       data     extern E:\3.46\pic18-lt\cxx-framework\src\traditional\proc\p18f4620.asm
                     LATB   0x000f8a       data     extern E:\3.46\pic18-lt\cxx-framework\src\traditional\proc\p18f4620.asm
                 LATBbits   0x000f8a       data     extern E:\3.46\pic18-lt\cxx-framework\src\traditional\proc\p18f4620.asm
                     LATC   0x000f8b       data     extern E:\3.46\pic18-lt\cxx-framework\src\traditional\proc\p18f4620.asm
                 LATCbits   0x000f8b       data     extern E:\3.46\pic18-lt\cxx-framework\src\traditional\proc\p18f4620.asm
                     LATD   0x000f8c       data     extern E:\3.46\pic18-lt\cxx-framework\src\traditional\proc\p18f4620.asm
                 LATDbits   0x000f8c       data     extern E:\3.46\pic18-lt\cxx-framework\src\traditional\proc\p18f4620.asm
                     LATE   0x000f8d       data     extern E:\3.46\pic18-lt\cxx-framework\src\traditional\proc\p18f4620.asm
                 LATEbits   0x000f8d       data     extern E:\3.46\pic18-lt\cxx-framework\src\traditional\proc\p18f4620.asm
                   LVDCON   0x000fd2       data     extern E:\3.46\pic18-lt\cxx-framework\src\traditional\proc\p18f4620.asm
               LVDCONbits   0x000fd2       data     extern E:\3.46\pic18-lt\cxx-framework\src\traditional\proc\p18f4620.asm
                LcdScreen   0x000f5b       data     extern C:\DoAnVXL\first_logic\lcd\lcd.c
                   OSCCON   0x000fd3       data     extern E:\3.46\pic18-lt\cxx-framework\src\traditional\proc\p18f4620.asm
               OSCCONbits   0x000fd3       data     extern E:\3.46\pic18-lt\cxx-framework\src\traditional\proc\p18f4620.asm
                  OSCTUNE   0x000f9b       data     extern E:\3.46\pic18-lt\cxx-framework\src\traditional\proc\p18f4620.asm
              OSCTUNEbits   0x000f9b       data     extern E:\3.46\pic18-lt\cxx-framework\src\traditional\proc\p18f4620.asm
                       PC   0x000ff9       data     extern E:\3.46\pic18-lt\cxx-framework\src\traditional\proc\p18f4620.asm
                      PCL   0x000ff9       data     extern E:\3.46\pic18-lt\cxx-framework\src\traditional\proc\p18f4620.asm
                   PCLATH   0x000ffa       data     extern E:\3.46\pic18-lt\cxx-framework\src\traditional\proc\p18f4620.asm
                   PCLATU   0x000ffb       data     extern E:\3.46\pic18-lt\cxx-framework\src\traditional\proc\p18f4620.asm
                     PIE1   0x000f9d       data     extern E:\3.46\pic18-lt\cxx-framework\src\traditional\proc\p18f4620.asm
                 PIE1bits   0x000f9d       data     extern E:\3.46\pic18-lt\cxx-framework\src\traditional\proc\p18f4620.asm
                     PIE2   0x000fa0       data     extern E:\3.46\pic18-lt\cxx-framework\src\traditional\proc\p18f4620.asm
                 PIE2bits   0x000fa0       data     extern E:\3.46\pic18-lt\cxx-framework\src\traditional\proc\p18f4620.asm
                     PIR1   0x000f9e       data     extern E:\3.46\pic18-lt\cxx-framework\src\traditional\proc\p18f4620.asm
                 PIR1bits   0x000f9e       data     extern E:\3.46\pic18-lt\cxx-framework\src\traditional\proc\p18f4620.asm
                     PIR2   0x000fa1       data     extern E:\3.46\pic18-lt\cxx-framework\src\traditional\proc\p18f4620.asm
                 PIR2bits   0x000fa1       data     extern E:\3.46\pic18-lt\cxx-framework\src\traditional\proc\p18f4620.asm
                   PLUSW0   0x000feb       data     extern E:\3.46\pic18-lt\cxx-framework\src\traditional\proc\p18f4620.asm
                   PLUSW1   0x000fe3       data     extern E:\3.46\pic18-lt\cxx-framework\src\traditional\proc\p18f4620.asm
                   PLUSW2   0x000fdb       data     extern E:\3.46\pic18-lt\cxx-framework\src\traditional\proc\p18f4620.asm
                    PORTA   0x000f80       data     extern E:\3.46\pic18-lt\cxx-framework\src\traditional\proc\p18f4620.asm
                PORTAbits   0x000f80       data     extern E:\3.46\pic18-lt\cxx-framework\src\traditional\proc\p18f4620.asm
                    PORTB   0x000f81       data     extern E:\3.46\pic18-lt\cxx-framework\src\traditional\proc\p18f4620.asm
                PORTBbits   0x000f81       data     extern E:\3.46\pic18-lt\cxx-framework\src\traditional\proc\p18f4620.asm
                    PORTC   0x000f82       data     extern E:\3.46\pic18-lt\cxx-framework\src\traditional\proc\p18f4620.asm
                PORTCbits   0x000f82       data     extern E:\3.46\pic18-lt\cxx-framework\src\traditional\proc\p18f4620.asm
                    PORTD   0x000f83       data     extern E:\3.46\pic18-lt\cxx-framework\src\traditional\proc\p18f4620.asm
                PORTDbits   0x000f83       data     extern E:\3.46\pic18-lt\cxx-framework\src\traditional\proc\p18f4620.asm
                    PORTE   0x000f84       data     extern E:\3.46\pic18-lt\cxx-framework\src\traditional\proc\p18f4620.asm
                PORTEbits   0x000f84       data     extern E:\3.46\pic18-lt\cxx-framework\src\traditional\proc\p18f4620.asm
                 POSTDEC0   0x000fed       data     extern E:\3.46\pic18-lt\cxx-framework\src\traditional\proc\p18f4620.asm
                 POSTDEC1   0x000fe5       data     extern E:\3.46\pic18-lt\cxx-framework\src\traditional\proc\p18f4620.asm
                 POSTDEC2   0x000fdd       data     extern E:\3.46\pic18-lt\cxx-framework\src\traditional\proc\p18f4620.asm
                 POSTINC0   0x000fee       data     extern E:\3.46\pic18-lt\cxx-framework\src\traditional\proc\p18f4620.asm
                 POSTINC1   0x000fe6       data     extern E:\3.46\pic18-lt\cxx-framework\src\traditional\proc\p18f4620.asm
                 POSTINC2   0x000fde       data     extern E:\3.46\pic18-lt\cxx-framework\src\traditional\proc\p18f4620.asm
                      PR2   0x000fcb       data     extern E:\3.46\pic18-lt\cxx-framework\src\traditional\proc\p18f4620.asm
                  PREINC0   0x000fec       data     extern E:\3.46\pic18-lt\cxx-framework\src\traditional\proc\p18f4620.asm
                  PREINC1   0x000fe4       data     extern E:\3.46\pic18-lt\cxx-framework\src\traditional\proc\p18f4620.asm
                  PREINC2   0x000fdc       data     extern E:\3.46\pic18-lt\cxx-framework\src\traditional\proc\p18f4620.asm
                     PROD   0x000ff3       data     extern E:\3.46\pic18-lt\cxx-framework\src\traditional\proc\p18f4620.asm
                    PRODH   0x000ff4       data     extern E:\3.46\pic18-lt\cxx-framework\src\traditional\proc\p18f4620.asm
                    PRODL   0x000ff3       data     extern E:\3.46\pic18-lt\cxx-framework\src\traditional\proc\p18f4620.asm
                  PWM1CON   0x000fb7       data     extern E:\3.46\pic18-lt\cxx-framework\src\traditional\proc\p18f4620.asm
              PWM1CONbits   0x000fb7       data     extern E:\3.46\pic18-lt\cxx-framework\src\traditional\proc\p18f4620.asm
                     RCON   0x000fd0       data     extern E:\3.46\pic18-lt\cxx-framework\src\traditional\proc\p18f4620.asm
                 RCONbits   0x000fd0       data     extern E:\3.46\pic18-lt\cxx-framework\src\traditional\proc\p18f4620.asm
                    RCREG   0x000fae       data     extern E:\3.46\pic18-lt\cxx-framework\src\traditional\proc\p18f4620.asm
                    RCSTA   0x000fab       data     extern E:\3.46\pic18-lt\cxx-framework\src\traditional\proc\p18f4620.asm
                RCSTAbits   0x000fab       data     extern E:\3.46\pic18-lt\cxx-framework\src\traditional\proc\p18f4620.asm
                     SIGN   0x000000       data     extern E:\3.46\pic18-lt\cxx-framework\src\traditional\math\cmath18.asm
                    SPBRG   0x000faf       data     extern E:\3.46\pic18-lt\cxx-framework\src\traditional\proc\p18f4620.asm
                   SPBRGH   0x000fb0       data     extern E:\3.46\pic18-lt\cxx-framework\src\traditional\proc\p18f4620.asm
                   SSPADD   0x000fc8       data     extern E:\3.46\pic18-lt\cxx-framework\src\traditional\proc\p18f4620.asm
                   SSPBUF   0x000fc9       data     extern E:\3.46\pic18-lt\cxx-framework\src\traditional\proc\p18f4620.asm
                  SSPCON1   0x000fc6       data     extern E:\3.46\pic18-lt\cxx-framework\src\traditional\proc\p18f4620.asm
              SSPCON1bits   0x000fc6       data     extern E:\3.46\pic18-lt\cxx-framework\src\traditional\proc\p18f4620.asm
                  SSPCON2   0x000fc5       data     extern E:\3.46\pic18-lt\cxx-framework\src\traditional\proc\p18f4620.asm
              SSPCON2bits   0x000fc5       data     extern E:\3.46\pic18-lt\cxx-framework\src\traditional\proc\p18f4620.asm
                  SSPSTAT   0x000fc7       data     extern E:\3.46\pic18-lt\cxx-framework\src\traditional\proc\p18f4620.asm
              SSPSTATbits   0x000fc7       data     extern E:\3.46\pic18-lt\cxx-framework\src\traditional\proc\p18f4620.asm
                   STATUS   0x000fd8       data     extern E:\3.46\pic18-lt\cxx-framework\src\traditional\proc\p18f4620.asm
               STATUSbits   0x000fd8       data     extern E:\3.46\pic18-lt\cxx-framework\src\traditional\proc\p18f4620.asm
                   STKPTR   0x000ffc       data     extern E:\3.46\pic18-lt\cxx-framework\src\traditional\proc\p18f4620.asm
               STKPTRbits   0x000ffc       data     extern E:\3.46\pic18-lt\cxx-framework\src\traditional\proc\p18f4620.asm
                    T0CON   0x000fd5       data     extern E:\3.46\pic18-lt\cxx-framework\src\traditional\proc\p18f4620.asm
                T0CONbits   0x000fd5       data     extern E:\3.46\pic18-lt\cxx-framework\src\traditional\proc\p18f4620.asm
                    T1CON   0x000fcd       data     extern E:\3.46\pic18-lt\cxx-framework\src\traditional\proc\p18f4620.asm
                T1CONbits   0x000fcd       data     extern E:\3.46\pic18-lt\cxx-framework\src\traditional\proc\p18f4620.asm
                    T2CON   0x000fca       data     extern E:\3.46\pic18-lt\cxx-framework\src\traditional\proc\p18f4620.asm
                T2CONbits   0x000fca       data     extern E:\3.46\pic18-lt\cxx-framework\src\traditional\proc\p18f4620.asm
                    T3CON   0x000fb1       data     extern E:\3.46\pic18-lt\cxx-framework\src\traditional\proc\p18f4620.asm
                T3CONbits   0x000fb1       data     extern E:\3.46\pic18-lt\cxx-framework\src\traditional\proc\p18f4620.asm
                   TABLAT   0x000ff5       data     extern E:\3.46\pic18-lt\cxx-framework\src\traditional\proc\p18f4620.asm
                   TBLPTR   0x000ff6       data     extern E:\3.46\pic18-lt\cxx-framework\src\traditional\proc\p18f4620.asm
                  TBLPTRH   0x000ff7       data     extern E:\3.46\pic18-lt\cxx-framework\src\traditional\proc\p18f4620.asm
                  TBLPTRL   0x000ff6       data     extern E:\3.46\pic18-lt\cxx-framework\src\traditional\proc\p18f4620.asm
                  TBLPTRU   0x000ff8       data     extern E:\3.46\pic18-lt\cxx-framework\src\traditional\proc\p18f4620.asm
                    TMR0H   0x000fd7       data     extern E:\3.46\pic18-lt\cxx-framework\src\traditional\proc\p18f4620.asm
                    TMR0L   0x000fd6       data     extern E:\3.46\pic18-lt\cxx-framework\src\traditional\proc\p18f4620.asm
                    TMR1H   0x000fcf       data     extern E:\3.46\pic18-lt\cxx-framework\src\traditional\proc\p18f4620.asm
                    TMR1L   0x000fce       data     extern E:\3.46\pic18-lt\cxx-framework\src\traditional\proc\p18f4620.asm
                     TMR2   0x000fcc       data     extern E:\3.46\pic18-lt\cxx-framework\src\traditional\proc\p18f4620.asm
                    TMR3H   0x000fb3       data     extern E:\3.46\pic18-lt\cxx-framework\src\traditional\proc\p18f4620.asm
                    TMR3L   0x000fb2       data     extern E:\3.46\pic18-lt\cxx-framework\src\traditional\proc\p18f4620.asm
                      TOS   0x000ffd       data     extern E:\3.46\pic18-lt\cxx-framework\src\traditional\proc\p18f4620.asm
                     TOSH   0x000ffe       data     extern E:\3.46\pic18-lt\cxx-framework\src\traditional\proc\p18f4620.asm
                     TOSL   0x000ffd       data     extern E:\3.46\pic18-lt\cxx-framework\src\traditional\proc\p18f4620.asm
                     TOSU   0x000fff       data     extern E:\3.46\pic18-lt\cxx-framework\src\traditional\proc\p18f4620.asm
                    TRISA   0x000f92       data     extern E:\3.46\pic18-lt\cxx-framework\src\traditional\proc\p18f4620.asm
                TRISAbits   0x000f92       data     extern E:\3.46\pic18-lt\cxx-framework\src\traditional\proc\p18f4620.asm
                    TRISB   0x000f93       data     extern E:\3.46\pic18-lt\cxx-framework\src\traditional\proc\p18f4620.asm
                TRISBbits   0x000f93       data     extern E:\3.46\pic18-lt\cxx-framework\src\traditional\proc\p18f4620.asm
                    TRISC   0x000f94       data     extern E:\3.46\pic18-lt\cxx-framework\src\traditional\proc\p18f4620.asm
                TRISCbits   0x000f94       data     extern E:\3.46\pic18-lt\cxx-framework\src\traditional\proc\p18f4620.asm
                    TRISD   0x000f95       data     extern E:\3.46\pic18-lt\cxx-framework\src\traditional\proc\p18f4620.asm
                TRISDbits   0x000f95       data     extern E:\3.46\pic18-lt\cxx-framework\src\traditional\proc\p18f4620.asm
                    TRISE   0x000f96       data     extern E:\3.46\pic18-lt\cxx-framework\src\traditional\proc\p18f4620.asm
                TRISEbits   0x000f96       data     extern E:\3.46\pic18-lt\cxx-framework\src\traditional\proc\p18f4620.asm
                    TXREG   0x000fad       data     extern E:\3.46\pic18-lt\cxx-framework\src\traditional\proc\p18f4620.asm
                    TXSTA   0x000fac       data     extern E:\3.46\pic18-lt\cxx-framework\src\traditional\proc\p18f4620.asm
                TXSTAbits   0x000fac       data     extern E:\3.46\pic18-lt\cxx-framework\src\traditional\proc\p18f4620.asm
                        W   0x000fe8       data     extern E:\3.46\pic18-lt\cxx-framework\src\traditional\proc\p18f4620.asm
                   WDTCON   0x000fd1       data     extern E:\3.46\pic18-lt\cxx-framework\src\traditional\proc\p18f4620.asm
               WDTCONbits   0x000fd1       data     extern E:\3.46\pic18-lt\cxx-framework\src\traditional\proc\p18f4620.asm
                     WREG   0x000fe8       data     extern E:\3.46\pic18-lt\cxx-framework\src\traditional\proc\p18f4620.asm
                 __AARGB0   0x000009       data     extern E:\3.46\pic18-lt\cxx-framework\src\traditional\math\aarg.asm
                 __AARGB1   0x000008       data     extern E:\3.46\pic18-lt\cxx-framework\src\traditional\math\aarg.asm
                 __AARGB2   0x000007       data     extern E:\3.46\pic18-lt\cxx-framework\src\traditional\math\aarg.asm
                 __AARGB3   0x000006       data     extern E:\3.46\pic18-lt\cxx-framework\src\traditional\math\aarg.asm
                 __AARGB4   0x000005       data     extern E:\3.46\pic18-lt\cxx-framework\src\traditional\math\aarg.asm
                 __AARGB5   0x000004       data     extern E:\3.46\pic18-lt\cxx-framework\src\traditional\math\aarg.asm
                 __AARGB6   0x000003       data     extern E:\3.46\pic18-lt\cxx-framework\src\traditional\math\aarg.asm
                 __AARGB7   0x000002       data     extern E:\3.46\pic18-lt\cxx-framework\src\traditional\math\aarg.asm
                   __AEXP   0x00000a       data     extern E:\3.46\pic18-lt\cxx-framework\src\traditional\math\aarg.asm
                 __BARGB0   0x00000e       data     extern E:\3.46\pic18-lt\cxx-framework\src\traditional\math\barg.asm
                 __BARGB1   0x00000d       data     extern E:\3.46\pic18-lt\cxx-framework\src\traditional\math\barg.asm
                 __BARGB2   0x00000c       data     extern E:\3.46\pic18-lt\cxx-framework\src\traditional\math\barg.asm
                 __BARGB3   0x00000b       data     extern E:\3.46\pic18-lt\cxx-framework\src\traditional\math\barg.asm
                   __BEXP   0x00000f       data     extern E:\3.46\pic18-lt\cxx-framework\src\traditional\math\barg.asm
                __FPFLAGS   0x000001       data     extern E:\3.46\pic18-lt\cxx-framework\src\traditional\math\cmath18.asm
            __FPFLAGSbits   0x000001       data     extern E:\3.46\pic18-lt\cxx-framework\src\traditional\math\cmath18.asm
                  __REMB0   0x000005       data     extern E:\3.46\pic18-lt\cxx-framework\src\traditional\math\aarg.asm
                  __REMB1   0x000004       data     extern E:\3.46\pic18-lt\cxx-framework\src\traditional\math\aarg.asm
                  __REMB2   0x000003       data     extern E:\3.46\pic18-lt\cxx-framework\src\traditional\math\aarg.asm
                  __REMB3   0x000002       data     extern E:\3.46\pic18-lt\cxx-framework\src\traditional\math\aarg.asm
                  __tmp_0   0x000010       data     static C:\DoAnVXL\first_logic\lcd\lcd.c
                  __tmp_0   0x000010       data     static C:\DoAnVXL\first_logic\main.c
                  __tmp_0   0x000010       data     static C:\DoAnVXL\first_logic\timer\timer.c
                  __tmp_0   0x000010       data     static C:\DoAnVXL\first_logic\button_matrix\button.c
                animation   0x000112       data     extern C:\DoAnVXL\first_logic\main.c
       arrayAdminPassword   0x0000e2       data     extern C:\DoAnVXL\first_logic\main.c
         arrayMapOfNumber   0x0000c2       data     extern C:\DoAnVXL\first_logic\main.c
       arrayMapOfPassword   0x0000d2       data     extern C:\DoAnVXL\first_logic\main.c
   arrayMaskInputOfButton   0x000f28       data     extern C:\DoAnVXL\first_logic\button_matrix\button.c
      arrayMaskInputOfKey   0x000f24       data     extern C:\DoAnVXL\first_logic\button_matrix\button.c
     arrayMaskOutputOfKey   0x000f20       data     extern C:\DoAnVXL\first_logic\button_matrix\button.c
            arrayPassword   0x000114       data     extern C:\DoAnVXL\first_logic\main.c
                    clear   0x0000ba       data     extern C:\DoAnVXL\first_logic\main.c
                     cnt0   0x000f7b       data     extern C:\DoAnVXL\first_logic\interrupt\interrupt.c
                     cnt1   0x000f7d       data     extern C:\DoAnVXL\first_logic\interrupt\interrupt.c
                curr_byte   0x0000f4       data     static E:\3.46\pic18-lt\cxx-framework\src\traditional\startup\c018i.c
               curr_entry   0x0000f6       data     static E:\3.46\pic18-lt\cxx-framework\src\traditional\startup\c018i.c
              current_col   0x0000fd       data     extern C:\DoAnVXL\first_logic\lcd\lcd.c
            current_floor   0x0000b6       data     extern C:\DoAnVXL\first_logic\main.c
              current_row   0x0000fb       data     extern C:\DoAnVXL\first_logic\lcd\lcd.c
                 data_ptr   0x0000f8       data     static E:\3.46\pic18-lt\cxx-framework\src\traditional\startup\c018i.c
              flag_timer0   0x000f38       data     extern C:\DoAnVXL\first_logic\timer\timer.c
              flag_timer1   0x000f39       data     extern C:\DoAnVXL\first_logic\timer\timer.c
              flag_timer2   0x000f3a       data     extern C:\DoAnVXL\first_logic\timer\timer.c
              flag_timer3   0x000f3b       data     extern C:\DoAnVXL\first_logic\timer\timer.c
      flag_timer_dung_yen   0x000f3c       data     extern C:\DoAnVXL\first_logic\timer\timer.c
     flag_timer_open_door   0x000f3d       data     extern C:\DoAnVXL\first_logic\timer\timer.c
                    floor   0x000100       data     extern C:\DoAnVXL\first_logic\main.c
            indexOfNumber   0x0000e7       data     extern C:\DoAnVXL\first_logic\main.c
             inside_floor   0x000080       data     extern C:\DoAnVXL\first_logic\main.c
        inside_is_clicked   0x000090       data     extern C:\DoAnVXL\first_logic\main.c
                 key_code   0x000f00       data     extern C:\DoAnVXL\first_logic\button_matrix\button.c
        maintainance_mode   0x0000ec       data     extern C:\DoAnVXL\first_logic\main.c
                     mode   0x0000be       data     extern C:\DoAnVXL\first_logic\main.c
      mode_led_for_floors   0x0000c0       data     extern C:\DoAnVXL\first_logic\main.c
       numberOfPushButton   0x0000ee       data     extern C:\DoAnVXL\first_logic\main.c
              numberValue   0x000118       data     extern C:\DoAnVXL\first_logic\main.c
     outside_asking_floor   0x0000b8       data     extern C:\DoAnVXL\first_logic\main.c
       outside_down_floor   0x0000a4       data     extern C:\DoAnVXL\first_logic\main.c
  outside_down_is_clicked   0x0000b4       data     extern C:\DoAnVXL\first_logic\main.c
         outside_up_floor   0x000092       data     extern C:\DoAnVXL\first_logic\main.c
    outside_up_is_clicked   0x0000a2       data     extern C:\DoAnVXL\first_logic\main.c
                     prom   0x0000f1       data     static E:\3.46\pic18-lt\cxx-framework\src\traditional\startup\c018i.c
randomNumberForNewPassword   0x0000eb       data     extern C:\DoAnVXL\first_logic\main.c
                    start   0x0000bc       data     extern C:\DoAnVXL\first_logic\main.c
                    state   0x000110       data     extern C:\DoAnVXL\first_logic\main.c
                statusLCD   0x000f5a       data     extern C:\DoAnVXL\first_logic\lcd\lcd.c
           statusPassword   0x0000e6       data     extern C:\DoAnVXL\first_logic\main.c
                time0_MUL   0x000f4e       data     extern C:\DoAnVXL\first_logic\timer\timer.c
                time1_MUL   0x000f50       data     extern C:\DoAnVXL\first_logic\timer\timer.c
                time2_MUL   0x000f52       data     extern C:\DoAnVXL\first_logic\timer\timer.c
                time3_MUL   0x000f54       data     extern C:\DoAnVXL\first_logic\timer\timer.c
                timeDelay   0x0000e9       data     extern C:\DoAnVXL\first_logic\main.c
        time_dung_yen_MUL   0x000f56       data     extern C:\DoAnVXL\first_logic\timer\timer.c
       time_open_door_MUL   0x000f58       data     extern C:\DoAnVXL\first_logic\timer\timer.c
               timer0_cnt   0x000f42       data     extern C:\DoAnVXL\first_logic\timer\timer.c
             timer0_value   0x000f30       data     extern C:\DoAnVXL\first_logic\timer\timer.c
               timer1_cnt   0x000f44       data     extern C:\DoAnVXL\first_logic\timer\timer.c
             timer1_value   0x000f32       data     extern C:\DoAnVXL\first_logic\timer\timer.c
               timer2_cnt   0x000f46       data     extern C:\DoAnVXL\first_logic\timer\timer.c
             timer2_value   0x000f34       data     extern C:\DoAnVXL\first_logic\timer\timer.c
               timer3_cnt   0x000f48       data     extern C:\DoAnVXL\first_logic\timer\timer.c
             timer3_value   0x000f36       data     extern C:\DoAnVXL\first_logic\timer\timer.c
       timer_dung_yen_cnt   0x000f4a       data     extern C:\DoAnVXL\first_logic\timer\timer.c
      timer_open_door_cnt   0x000f4c       data     extern C:\DoAnVXL\first_logic\timer\timer.c
                   v_cnt0   0x000f3e       data     extern C:\DoAnVXL\first_logic\timer\timer.c
                   v_cnt1   0x000f40       data     extern C:\DoAnVXL\first_logic\timer\timer.c
                        x   0x0000ef       data     extern C:\DoAnVXL\first_logic\main.c
                        y   0x0000f0       data     extern C:\DoAnVXL\first_logic\main.c



                              Symbols - Sorted by Address
                     Name    Address   Location    Storage File                     
                ---------  ---------  ---------  --------- ---------                
                   _entry   0x000000    program     extern E:\3.46\pic18-lt\cxx-framework\src\traditional\startup\c018i.c
       ___return_lbl00000   0x000004    program     static                          
                   __init   0x000006    program     extern E:\3.46\pic18-lt\cxx-framework\src\traditional\stdclib\__init.c
      InterruptVectorHigh   0x000008    program     extern C:\DoAnVXL\first_logic\interrupt\interrupt.c
       ___return_lbl00003   0x00000c    program     static                          
       InterruptVectorLow   0x000018    program     extern C:\DoAnVXL\first_logic\interrupt\interrupt.c
       ___return_lbl00002   0x00001c    program     static                          
                     main   0x00005c    program     extern C:\DoAnVXL\first_logic\main.c
                 delay_ms   0x00008c    program     extern C:\DoAnVXL\first_logic\main.c
              init_system   0x000102    program     extern C:\DoAnVXL\first_logic\main.c
                  initial   0x000194    program     extern C:\DoAnVXL\first_logic\main.c
                floor_mod   0x0001ba    program     extern C:\DoAnVXL\first_logic\main.c
             clear_inside   0x0001ea    program     extern C:\DoAnVXL\first_logic\main.c
          isButtonPressed   0x00021a    program     extern C:\DoAnVXL\first_logic\main.c
         check_all_in_use   0x00025e    program     extern C:\DoAnVXL\first_logic\main.c
      check_max_all_floor   0x0002bc    program     extern C:\DoAnVXL\first_logic\main.c
check_outside_down_floor_remain   0x000352    program     extern C:\DoAnVXL\first_logic\main.c
check_inside_down_floor_remain   0x000392    program     extern C:\DoAnVXL\first_logic\main.c
check_current_floor_is_clicked   0x0003d2    program     extern C:\DoAnVXL\first_logic\main.c
              check_state   0x0004a0    program     extern C:\DoAnVXL\first_logic\main.c
           Display_moving   0x0005f2    program     extern C:\DoAnVXL\first_logic\main.c
             Display_Open   0x00066e    program     extern C:\DoAnVXL\first_logic\main.c
            Display_Close   0x00067c    program     extern C:\DoAnVXL\first_logic\main.c
            fsm_automatic   0x00068a    program     extern C:\DoAnVXL\first_logic\main.c
checkBtn_changeTo_elevator_mode   0x000874    program     extern C:\DoAnVXL\first_logic\main.c
checkBtn_changeTo_outside_inside_mode   0x000898    program     extern C:\DoAnVXL\first_logic\main.c
          checkBtn_inside   0x0008bc    program     extern C:\DoAnVXL\first_logic\main.c
         checkBtn_outside   0x000968    program     extern C:\DoAnVXL\first_logic\main.c
  checkBtn_outside_asking   0x000a08    program     extern C:\DoAnVXL\first_logic\main.c
     display_view_outside   0x000a4c    program     extern C:\DoAnVXL\first_logic\main.c
      display_view_inside   0x000b10    program     extern C:\DoAnVXL\first_logic\main.c
display_view_outside_asking   0x000b98    program     extern C:\DoAnVXL\first_logic\main.c
   display_led_for_floors   0x000bcc    program     extern C:\DoAnVXL\first_logic\main.c
       fsm_outside_inside   0x000cd8    program     extern C:\DoAnVXL\first_logic\main.c
       isAnyButtonClicked   0x000d70    program     extern C:\DoAnVXL\first_logic\main.c
            isButtonEnter   0x000dae    program     extern C:\DoAnVXL\first_logic\main.c
            CheckPassword   0x000dc0    program     extern C:\DoAnVXL\first_logic\main.c
               CheckAdmin   0x000e46    program     extern C:\DoAnVXL\first_logic\main.c
         App_PasswordDoor   0x000e90    program     extern C:\DoAnVXL\first_logic\main.c
                   __pa_0   0x001162    program     static C:\DoAnVXL\first_logic\main.c
                   __pa_1   0x001170    program     static C:\DoAnVXL\first_logic\main.c
                   __pa_2   0x001176    program     static C:\DoAnVXL\first_logic\main.c
                   __pa_3   0x001180    program     static C:\DoAnVXL\first_logic\main.c
                   __pa_4   0x00118a    program     static C:\DoAnVXL\first_logic\main.c
                   __pa_5   0x00118e    program     static C:\DoAnVXL\first_logic\main.c
                   __pa_6   0x001196    program     static C:\DoAnVXL\first_logic\main.c
                   __pa_7   0x0011a0    program     static C:\DoAnVXL\first_logic\main.c
                   __pa_8   0x0011a8    program     static C:\DoAnVXL\first_logic\main.c
              __tmplbl_89   0x0011ba    program     static                          
              __tmplbl_81   0x0011ba    program     static                          
              __tmplbl_80   0x0011ba    program     static                          
              __tmplbl_79   0x0011ba    program     static                          
              __tmplbl_78   0x0011ba    program     static                          
              __tmplbl_76   0x0011ba    program     static                          
              __tmplbl_74   0x0011ba    program     static                          
                   __pa_9   0x0011ba    program     static C:\DoAnVXL\first_logic\main.c
              __tmplbl_72   0x0011ba    program     static                          
                  __pa_10   0x0011be    program     static C:\DoAnVXL\first_logic\main.c
                  __pa_11   0x0011c6    program     static C:\DoAnVXL\first_logic\main.c
                  __pa_12   0x0011d0    program     static C:\DoAnVXL\first_logic\main.c
                  __pa_13   0x0011de    program     static C:\DoAnVXL\first_logic\main.c
                  __pa_14   0x0011fa    program     static C:\DoAnVXL\first_logic\main.c
                  __pa_15   0x001204    program     static C:\DoAnVXL\first_logic\main.c
                  __pa_16   0x00120e    program     static C:\DoAnVXL\first_logic\main.c
                  __pa_17   0x001218    program     static C:\DoAnVXL\first_logic\main.c
                  __pa_18   0x001222    program     static C:\DoAnVXL\first_logic\main.c
                  __pa_19   0x001234    program     static C:\DoAnVXL\first_logic\main.c
                  __pa_20   0x001242    program     static C:\DoAnVXL\first_logic\main.c
                  __pa_21   0x00124c    program     static C:\DoAnVXL\first_logic\main.c
                  __pa_22   0x001264    program     static C:\DoAnVXL\first_logic\main.c
                  __pa_23   0x001272    program     static C:\DoAnVXL\first_logic\main.c
                  __pa_24   0x001280    program     static C:\DoAnVXL\first_logic\main.c
                  __pa_25   0x00128e    program     static C:\DoAnVXL\first_logic\main.c
                  __pa_26   0x001292    program     static C:\DoAnVXL\first_logic\main.c
                  __pa_27   0x00129a    program     static C:\DoAnVXL\first_logic\main.c
                  __pa_28   0x0012ac    program     static C:\DoAnVXL\first_logic\main.c
                  __pa_29   0x0012be    program     static C:\DoAnVXL\first_logic\main.c
                  __pa_30   0x0012ca    program     static C:\DoAnVXL\first_logic\main.c
                  __pa_31   0x0012d4    program     static C:\DoAnVXL\first_logic\main.c
                  __pa_32   0x0012de    program     static C:\DoAnVXL\first_logic\main.c
                  __pa_33   0x0012ee    program     static C:\DoAnVXL\first_logic\main.c
                  __pa_34   0x0012f6    program     static C:\DoAnVXL\first_logic\main.c
                  __pa_35   0x0012fe    program     static C:\DoAnVXL\first_logic\main.c
                  __pa_36   0x00130a    program     static C:\DoAnVXL\first_logic\main.c
                  __pa_37   0x001316    program     static C:\DoAnVXL\first_logic\main.c
                  __pa_38   0x00131c    program     static C:\DoAnVXL\first_logic\main.c
                  __pa_39   0x001326    program     static C:\DoAnVXL\first_logic\main.c
                  __pa_40   0x00132a    program     static C:\DoAnVXL\first_logic\main.c
                  __pa_41   0x00132e    program     static C:\DoAnVXL\first_logic\main.c
                  __pa_42   0x001332    program     static C:\DoAnVXL\first_logic\main.c
                  __pa_43   0x00133c    program     static C:\DoAnVXL\first_logic\main.c
                  __pa_44   0x001344    program     static C:\DoAnVXL\first_logic\main.c
                  __pa_45   0x00134c    program     static C:\DoAnVXL\first_logic\main.c
                  __pa_46   0x001354    program     static C:\DoAnVXL\first_logic\main.c
                  __pa_47   0x00135c    program     static C:\DoAnVXL\first_logic\main.c
                  __pa_48   0x001366    program     static C:\DoAnVXL\first_logic\main.c
                  __pa_49   0x00136e    program     static C:\DoAnVXL\first_logic\main.c
                  __pa_50   0x001376    program     static C:\DoAnVXL\first_logic\main.c
                  __pa_51   0x001380    program     static C:\DoAnVXL\first_logic\main.c
                  __pa_52   0x00138a    program     static C:\DoAnVXL\first_logic\main.c
                  __pa_53   0x0013a0    program     static C:\DoAnVXL\first_logic\main.c
                  __pa_54   0x0013a8    program     static C:\DoAnVXL\first_logic\main.c
                  __pa_55   0x0013ae    program     static C:\DoAnVXL\first_logic\main.c
                  __pa_56   0x0013c0    program     static C:\DoAnVXL\first_logic\main.c
                  __pa_57   0x0013d6    program     static C:\DoAnVXL\first_logic\main.c
                  __pa_58   0x0013e0    program     static C:\DoAnVXL\first_logic\main.c
                  __pa_59   0x0013ea    program     static C:\DoAnVXL\first_logic\main.c
                  __pa_60   0x0013fa    program     static C:\DoAnVXL\first_logic\main.c
                  __pa_61   0x001408    program     static C:\DoAnVXL\first_logic\main.c
                  __pa_62   0x00141a    program     static C:\DoAnVXL\first_logic\main.c
                  __pa_63   0x001424    program     static C:\DoAnVXL\first_logic\main.c
                  __pa_64   0x00142a    program     static C:\DoAnVXL\first_logic\main.c
                  __pa_65   0x001432    program     static C:\DoAnVXL\first_logic\main.c
                  __pa_66   0x001438    program     static C:\DoAnVXL\first_logic\main.c
                  __pa_67   0x001442    program     static C:\DoAnVXL\first_logic\main.c
                  __pa_68   0x00144a    program     static C:\DoAnVXL\first_logic\main.c
                  __pa_69   0x001458    program     static C:\DoAnVXL\first_logic\main.c
                  __pa_70   0x001464    program     static C:\DoAnVXL\first_logic\main.c
                  __pa_71   0x00146c    program     static C:\DoAnVXL\first_logic\main.c
                  __pa_72   0x001476    program     static C:\DoAnVXL\first_logic\main.c
                  __pa_73   0x001482    program     static C:\DoAnVXL\first_logic\main.c
[...]
                 DDRBbits   0x000f93       data     extern E:\3.46\pic18-lt\cxx-framework\src\traditional\proc\p18f4620.asm
                    TRISB   0x000f93       data     extern E:\3.46\pic18-lt\cxx-framework\src\traditional\proc\p18f4620.asm
                TRISBbits   0x000f93       data     extern E:\3.46\pic18-lt\cxx-framework\src\traditional\proc\p18f4620.asm
                     DDRC   0x000f94       data     extern E:\3.46\pic18-lt\cxx-framework\src\traditional\proc\p18f4620.asm
                 DDRCbits   0x000f94       data     extern E:\3.46\pic18-lt\cxx-framework\src\traditional\proc\p18f4620.asm
                    TRISC   0x000f94       data     extern E:\3.46\pic18-lt\cxx-framework\src\traditional\proc\p18f4620.asm
                TRISCbits   0x000f94       data     extern E:\3.46\pic18-lt\cxx-framework\src\traditional\proc\p18f4620.asm
                    TRISD   0x000f95       data     extern E:\3.46\pic18-lt\cxx-framework\src\traditional\proc\p18f4620.asm
                TRISDbits   0x000f95       data     extern E:\3.46\pic18-lt\cxx-framework\src\traditional\proc\p18f4620.asm
                     DDRD   0x000f95       data     extern E:\3.46\pic18-lt\cxx-framework\src\traditional\proc\p18f4620.asm
                 DDRDbits   0x000f95       data     extern E:\3.46\pic18-lt\cxx-framework\src\traditional\proc\p18f4620.asm
                 DDREbits   0x000f96       data     extern E:\3.46\pic18-lt\cxx-framework\src\traditional\proc\p18f4620.asm
                     DDRE   0x000f96       data     extern E:\3.46\pic18-lt\cxx-framework\src\traditional\proc\p18f4620.asm
                    TRISE   0x000f96       data     extern E:\3.46\pic18-lt\cxx-framework\src\traditional\proc\p18f4620.asm
                TRISEbits   0x000f96       data     extern E:\3.46\pic18-lt\cxx-framework\src\traditional\proc\p18f4620.asm
                  OSCTUNE   0x000f9b       data     extern E:\3.46\pic18-lt\cxx-framework\src\traditional\proc\p18f4620.asm
              OSCTUNEbits   0x000f9b       data     extern E:\3.46\pic18-lt\cxx-framework\src\traditional\proc\p18f4620.asm
                 PIE1bits   0x000f9d       data     extern E:\3.46\pic18-lt\cxx-framework\src\traditional\proc\p18f4620.asm
                     PIE1   0x000f9d       data     extern E:\3.46\pic18-lt\cxx-framework\src\traditional\proc\p18f4620.asm
                 PIR1bits   0x000f9e       data     extern E:\3.46\pic18-lt\cxx-framework\src\traditional\proc\p18f4620.asm
                     PIR1   0x000f9e       data     extern E:\3.46\pic18-lt\cxx-framework\src\traditional\proc\p18f4620.asm
                     IPR1   0x000f9f       data     extern E:\3.46\pic18-lt\cxx-framework\src\traditional\proc\p18f4620.asm
                 IPR1bits   0x000f9f       data     extern E:\3.46\pic18-lt\cxx-framework\src\traditional\proc\p18f4620.asm
                 PIE2bits   0x000fa0       data     extern E:\3.46\pic18-lt\cxx-framework\src\traditional\proc\p18f4620.asm
                     PIE2   0x000fa0       data     extern E:\3.46\pic18-lt\cxx-framework\src\traditional\proc\p18f4620.asm
                 PIR2bits   0x000fa1       data     extern E:\3.46\pic18-lt\cxx-framework\src\traditional\proc\p18f4620.asm
                     PIR2   0x000fa1       data     extern E:\3.46\pic18-lt\cxx-framework\src\traditional\proc\p18f4620.asm
                 IPR2bits   0x000fa2       data     extern E:\3.46\pic18-lt\cxx-framework\src\traditional\proc\p18f4620.asm
                     IPR2   0x000fa2       data     extern E:\3.46\pic18-lt\cxx-framework\src\traditional\proc\p18f4620.asm
               EECON1bits   0x000fa6       data     extern E:\3.46\pic18-lt\cxx-framework\src\traditional\proc\p18f4620.asm
                   EECON1   0x000fa6       data     extern E:\3.46\pic18-lt\cxx-framework\src\traditional\proc\p18f4620.asm
                   EECON2   0x000fa7       data     extern E:\3.46\pic18-lt\cxx-framework\src\traditional\proc\p18f4620.asm
                   EEDATA   0x000fa8       data     extern E:\3.46\pic18-lt\cxx-framework\src\traditional\proc\p18f4620.asm
                    EEADR   0x000fa9       data     extern E:\3.46\pic18-lt\cxx-framework\src\traditional\proc\p18f4620.asm
                   EEADRH   0x000faa       data     extern E:\3.46\pic18-lt\cxx-framework\src\traditional\proc\p18f4620.asm
                RCSTAbits   0x000fab       data     extern E:\3.46\pic18-lt\cxx-framework\src\traditional\proc\p18f4620.asm
                    RCSTA   0x000fab       data     extern E:\3.46\pic18-lt\cxx-framework\src\traditional\proc\p18f4620.asm
                TXSTAbits   0x000fac       data     extern E:\3.46\pic18-lt\cxx-framework\src\traditional\proc\p18f4620.asm
                    TXSTA   0x000fac       data     extern E:\3.46\pic18-lt\cxx-framework\src\traditional\proc\p18f4620.asm
                    TXREG   0x000fad       data     extern E:\3.46\pic18-lt\cxx-framework\src\traditional\proc\p18f4620.asm
                    RCREG   0x000fae       data     extern E:\3.46\pic18-lt\cxx-framework\src\traditional\proc\p18f4620.asm
                    SPBRG   0x000faf       data     extern E:\3.46\pic18-lt\cxx-framework\src\traditional\proc\p18f4620.asm
                   SPBRGH   0x000fb0       data     extern E:\3.46\pic18-lt\cxx-framework\src\traditional\proc\p18f4620.asm
                T3CONbits   0x000fb1       data     extern E:\3.46\pic18-lt\cxx-framework\src\traditional\proc\p18f4620.asm
                    T3CON   0x000fb1       data     extern E:\3.46\pic18-lt\cxx-framework\src\traditional\proc\p18f4620.asm
                    TMR3L   0x000fb2       data     extern E:\3.46\pic18-lt\cxx-framework\src\traditional\proc\p18f4620.asm
                    TMR3H   0x000fb3       data     extern E:\3.46\pic18-lt\cxx-framework\src\traditional\proc\p18f4620.asm
                    CMCON   0x000fb4       data     extern E:\3.46\pic18-lt\cxx-framework\src\traditional\proc\p18f4620.asm
                CMCONbits   0x000fb4       data     extern E:\3.46\pic18-lt\cxx-framework\src\traditional\proc\p18f4620.asm
                   CVRCON   0x000fb5       data     extern E:\3.46\pic18-lt\cxx-framework\src\traditional\proc\p18f4620.asm
               CVRCONbits   0x000fb5       data     extern E:\3.46\pic18-lt\cxx-framework\src\traditional\proc\p18f4620.asm
                  ECCP1AS   0x000fb6       data     extern E:\3.46\pic18-lt\cxx-framework\src\traditional\proc\p18f4620.asm
              ECCP1ASbits   0x000fb6       data     extern E:\3.46\pic18-lt\cxx-framework\src\traditional\proc\p18f4620.asm
                  PWM1CON   0x000fb7       data     extern E:\3.46\pic18-lt\cxx-framework\src\traditional\proc\p18f4620.asm
              PWM1CONbits   0x000fb7       data     extern E:\3.46\pic18-lt\cxx-framework\src\traditional\proc\p18f4620.asm
              BAUDCTLbits   0x000fb8       data     extern E:\3.46\pic18-lt\cxx-framework\src\traditional\proc\p18f4620.asm
                  BAUDCON   0x000fb8       data     extern E:\3.46\pic18-lt\cxx-framework\src\traditional\proc\p18f4620.asm
              BAUDCONbits   0x000fb8       data     extern E:\3.46\pic18-lt\cxx-framework\src\traditional\proc\p18f4620.asm
                  BAUDCTL   0x000fb8       data     extern E:\3.46\pic18-lt\cxx-framework\src\traditional\proc\p18f4620.asm
                  CCP2CON   0x000fba       data     extern E:\3.46\pic18-lt\cxx-framework\src\traditional\proc\p18f4620.asm
              CCP2CONbits   0x000fba       data     extern E:\3.46\pic18-lt\cxx-framework\src\traditional\proc\p18f4620.asm
                    CCPR2   0x000fbb       data     extern E:\3.46\pic18-lt\cxx-framework\src\traditional\proc\p18f4620.asm
                   CCPR2L   0x000fbb       data     extern E:\3.46\pic18-lt\cxx-framework\src\traditional\proc\p18f4620.asm
                   CCPR2H   0x000fbc       data     extern E:\3.46\pic18-lt\cxx-framework\src\traditional\proc\p18f4620.asm
              CCP1CONbits   0x000fbd       data     extern E:\3.46\pic18-lt\cxx-framework\src\traditional\proc\p18f4620.asm
                  CCP1CON   0x000fbd       data     extern E:\3.46\pic18-lt\cxx-framework\src\traditional\proc\p18f4620.asm
                    CCPR1   0x000fbe       data     extern E:\3.46\pic18-lt\cxx-framework\src\traditional\proc\p18f4620.asm
                   CCPR1L   0x000fbe       data     extern E:\3.46\pic18-lt\cxx-framework\src\traditional\proc\p18f4620.asm
                   CCPR1H   0x000fbf       data     extern E:\3.46\pic18-lt\cxx-framework\src\traditional\proc\p18f4620.asm
               ADCON2bits   0x000fc0       data     extern E:\3.46\pic18-lt\cxx-framework\src\traditional\proc\p18f4620.asm
                   ADCON2   0x000fc0       data     extern E:\3.46\pic18-lt\cxx-framework\src\traditional\proc\p18f4620.asm
               ADCON1bits   0x000fc1       data     extern E:\3.46\pic18-lt\cxx-framework\src\traditional\proc\p18f4620.asm
                   ADCON1   0x000fc1       data     extern E:\3.46\pic18-lt\cxx-framework\src\traditional\proc\p18f4620.asm
                   ADCON0   0x000fc2       data     extern E:\3.46\pic18-lt\cxx-framework\src\traditional\proc\p18f4620.asm
               ADCON0bits   0x000fc2       data     extern E:\3.46\pic18-lt\cxx-framework\src\traditional\proc\p18f4620.asm
                    ADRES   0x000fc3       data     extern E:\3.46\pic18-lt\cxx-framework\src\traditional\proc\p18f4620.asm
                   ADRESL   0x000fc3       data     extern E:\3.46\pic18-lt\cxx-framework\src\traditional\proc\p18f4620.asm
                   ADRESH   0x000fc4       data     extern E:\3.46\pic18-lt\cxx-framework\src\traditional\proc\p18f4620.asm
                  SSPCON2   0x000fc5       data     extern E:\3.46\pic18-lt\cxx-framework\src\traditional\proc\p18f4620.asm
              SSPCON2bits   0x000fc5       data     extern E:\3.46\pic18-lt\cxx-framework\src\traditional\proc\p18f4620.asm
                  SSPCON1   0x000fc6       data     extern E:\3.46\pic18-lt\cxx-framework\src\traditional\proc\p18f4620.asm
              SSPCON1bits   0x000fc6       data     extern E:\3.46\pic18-lt\cxx-framework\src\traditional\proc\p18f4620.asm
                  SSPSTAT   0x000fc7       data     extern E:\3.46\pic18-lt\cxx-framework\src\traditional\proc\p18f4620.asm
              SSPSTATbits   0x000fc7       data     extern E:\3.46\pic18-lt\cxx-framework\src\traditional\proc\p18f4620.asm
                   SSPADD   0x000fc8       data     extern E:\3.46\pic18-lt\cxx-framework\src\traditional\proc\p18f4620.asm
                   SSPBUF   0x000fc9       data     extern E:\3.46\pic18-lt\cxx-framework\src\traditional\proc\p18f4620.asm
                    T2CON   0x000fca       data     extern E:\3.46\pic18-lt\cxx-framework\src\traditional\proc\p18f4620.asm
                T2CONbits   0x000fca       data     extern E:\3.46\pic18-lt\cxx-framework\src\traditional\proc\p18f4620.asm
                      PR2   0x000fcb       data     extern E:\3.46\pic18-lt\cxx-framework\src\traditional\proc\p18f4620.asm
                     TMR2   0x000fcc       data     extern E:\3.46\pic18-lt\cxx-framework\src\traditional\proc\p18f4620.asm
                T1CONbits   0x000fcd       data     extern E:\3.46\pic18-lt\cxx-framework\src\traditional\proc\p18f4620.asm
                    T1CON   0x000fcd       data     extern E:\3.46\pic18-lt\cxx-framework\src\traditional\proc\p18f4620.asm
                    TMR1L   0x000fce       data     extern E:\3.46\pic18-lt\cxx-framework\src\traditional\proc\p18f4620.asm
                    TMR1H   0x000fcf       data     extern E:\3.46\pic18-lt\cxx-framework\src\traditional\proc\p18f4620.asm
                     RCON   0x000fd0       data     extern E:\3.46\pic18-lt\cxx-framework\src\traditional\proc\p18f4620.asm
                 RCONbits   0x000fd0       data     extern E:\3.46\pic18-lt\cxx-framework\src\traditional\proc\p18f4620.asm
               WDTCONbits   0x000fd1       data     extern E:\3.46\pic18-lt\cxx-framework\src\traditional\proc\p18f4620.asm
                   WDTCON   0x000fd1       data     extern E:\3.46\pic18-lt\cxx-framework\src\traditional\proc\p18f4620.asm
               LVDCONbits   0x000fd2       data     extern E:\3.46\pic18-lt\cxx-framework\src\traditional\proc\p18f4620.asm
                   LVDCON   0x000fd2       data     extern E:\3.46\pic18-lt\cxx-framework\src\traditional\proc\p18f4620.asm
              HLVDCONbits   0x000fd2       data     extern E:\3.46\pic18-lt\cxx-framework\src\traditional\proc\p18f4620.asm
                  HLVDCON   0x000fd2       data     extern E:\3.46\pic18-lt\cxx-framework\src\traditional\proc\p18f4620.asm
               OSCCONbits   0x000fd3       data     extern E:\3.46\pic18-lt\cxx-framework\src\traditional\proc\p18f4620.asm
                   OSCCON   0x000fd3       data     extern E:\3.46\pic18-lt\cxx-framework\src\traditional\proc\p18f4620.asm
                T0CONbits   0x000fd5       data     extern E:\3.46\pic18-lt\cxx-framework\src\traditional\proc\p18f4620.asm
                    T0CON   0x000fd5       data     extern E:\3.46\pic18-lt\cxx-framework\src\traditional\proc\p18f4620.asm
                    TMR0L   0x000fd6       data     extern E:\3.46\pic18-lt\cxx-framework\src\traditional\proc\p18f4620.asm
                    TMR0H   0x000fd7       data     extern E:\3.46\pic18-lt\cxx-framework\src\traditional\proc\p18f4620.asm
                   STATUS   0x000fd8       data     extern E:\3.46\pic18-lt\cxx-framework\src\traditional\proc\p18f4620.asm
               STATUSbits   0x000fd8       data     extern E:\3.46\pic18-lt\cxx-framework\src\traditional\proc\p18f4620.asm
                     FSR2   0x000fd9       data     extern E:\3.46\pic18-lt\cxx-framework\src\traditional\proc\p18f4620.asm
                    FSR2L   0x000fd9       data     extern E:\3.46\pic18-lt\cxx-framework\src\traditional\proc\p18f4620.asm
                    FSR2H   0x000fda       data     extern E:\3.46\pic18-lt\cxx-framework\src\traditional\proc\p18f4620.asm
                   PLUSW2   0x000fdb       data     extern E:\3.46\pic18-lt\cxx-framework\src\traditional\proc\p18f4620.asm
                  PREINC2   0x000fdc       data     extern E:\3.46\pic18-lt\cxx-framework\src\traditional\proc\p18f4620.asm
                 POSTDEC2   0x000fdd       data     extern E:\3.46\pic18-lt\cxx-framework\src\traditional\proc\p18f4620.asm
                 POSTINC2   0x000fde       data     extern E:\3.46\pic18-lt\cxx-framework\src\traditional\proc\p18f4620.asm
                    INDF2   0x000fdf       data     extern E:\3.46\pic18-lt\cxx-framework\src\traditional\proc\p18f4620.asm
                      BSR   0x000fe0       data     extern E:\3.46\pic18-lt\cxx-framework\src\traditional\proc\p18f4620.asm
                     FSR1   0x000fe1       data     extern E:\3.46\pic18-lt\cxx-framework\src\traditional\proc\p18f4620.asm
                    FSR1L   0x000fe1       data     extern E:\3.46\pic18-lt\cxx-framework\src\traditional\proc\p18f4620.asm
                    FSR1H   0x000fe2       data     extern E:\3.46\pic18-lt\cxx-framework\src\traditional\proc\p18f4620.asm
                   PLUSW1   0x000fe3       data     extern E:\3.46\pic18-lt\cxx-framework\src\traditional\proc\p18f4620.asm
                  PREINC1   0x000fe4       data     extern E:\3.46\pic18-lt\cxx-framework\src\traditional\proc\p18f4620.asm
                 POSTDEC1   0x000fe5       data     extern E:\3.46\pic18-lt\cxx-framework\src\traditional\proc\p18f4620.asm
                 POSTINC1   0x000fe6       data     extern E:\3.46\pic18-lt\cxx-framework\src\traditional\proc\p18f4620.asm
                    INDF1   0x000fe7       data     extern E:\3.46\pic18-lt\cxx-framework\src\traditional\proc\p18f4620.asm
                        W   0x000fe8       data     extern E:\3.46\pic18-lt\cxx-framework\src\traditional\proc\p18f4620.asm
                     WREG   0x000fe8       data     extern E:\3.46\pic18-lt\cxx-framework\src\traditional\proc\p18f4620.asm
                    FSR0L   0x000fe9       data     extern E:\3.46\pic18-lt\cxx-framework\src\traditional\proc\p18f4620.asm
                     FSR0   0x000fe9       data     extern E:\3.46\pic18-lt\cxx-framework\src\traditional\proc\p18f4620.asm
                    FSR0H   0x000fea       data     extern E:\3.46\pic18-lt\cxx-framework\src\traditional\proc\p18f4620.asm
                   PLUSW0   0x000feb       data     extern E:\3.46\pic18-lt\cxx-framework\src\traditional\proc\p18f4620.asm
                  PREINC0   0x000fec       data     extern E:\3.46\pic18-lt\cxx-framework\src\traditional\proc\p18f4620.asm
                 POSTDEC0   0x000fed       data     extern E:\3.46\pic18-lt\cxx-framework\src\traditional\proc\p18f4620.asm
                 POSTINC0   0x000fee       data     extern E:\3.46\pic18-lt\cxx-framework\src\traditional\proc\p18f4620.asm
                    INDF0   0x000fef       data     extern E:\3.46\pic18-lt\cxx-framework\src\traditional\proc\p18f4620.asm
              INTCON3bits   0x000ff0       data     extern E:\3.46\pic18-lt\cxx-framework\src\traditional\proc\p18f4620.asm
                  INTCON3   0x000ff0       data     extern E:\3.46\pic18-lt\cxx-framework\src\traditional\proc\p18f4620.asm
                  INTCON2   0x000ff1       data     extern E:\3.46\pic18-lt\cxx-framework\src\traditional\proc\p18f4620.asm
              INTCON2bits   0x000ff1       data     extern E:\3.46\pic18-lt\cxx-framework\src\traditional\proc\p18f4620.asm
                   INTCON   0x000ff2       data     extern E:\3.46\pic18-lt\cxx-framework\src\traditional\proc\p18f4620.asm
               INTCONbits   0x000ff2       data     extern E:\3.46\pic18-lt\cxx-framework\src\traditional\proc\p18f4620.asm
                     PROD   0x000ff3       data     extern E:\3.46\pic18-lt\cxx-framework\src\traditional\proc\p18f4620.asm
                    PRODL   0x000ff3       data     extern E:\3.46\pic18-lt\cxx-framework\src\traditional\proc\p18f4620.asm
                    PRODH   0x000ff4       data     extern E:\3.46\pic18-lt\cxx-framework\src\traditional\proc\p18f4620.asm
                   TABLAT   0x000ff5       data     extern E:\3.46\pic18-lt\cxx-framework\src\traditional\proc\p18f4620.asm
                  TBLPTRL   0x000ff6       data     extern E:\3.46\pic18-lt\cxx-framework\src\traditional\proc\p18f4620.asm
                   TBLPTR   0x000ff6       data     extern E:\3.46\pic18-lt\cxx-framework\src\traditional\proc\p18f4620.asm
                  TBLPTRH   0x000ff7       data     extern E:\3.46\pic18-lt\cxx-framework\src\traditional\proc\p18f4620.asm
                  TBLPTRU   0x000ff8       data     extern E:\3.46\pic18-lt\cxx-framework\src\traditional\proc\p18f4620.asm
                       PC   0x000ff9       data     extern E:\3.46\pic18-lt\cxx-framework\src\traditional\proc\p18f4620.asm
                      PCL   0x000ff9       data     extern E:\3.46\pic18-lt\cxx-framework\src\traditional\proc\p18f4620.asm
                   PCLATH   0x000ffa       data     extern E:\3.46\pic18-lt\cxx-framework\src\traditional\proc\p18f4620.asm
                   PCLATU   0x000ffb       data     extern E:\3.46\pic18-lt\cxx-framework\src\traditional\proc\p18f4620.asm
                   STKPTR   0x000ffc       data     extern E:\3.46\pic18-lt\cxx-framework\src\traditional\proc\p18f4620.asm
               STKPTRbits   0x000ffc       data     extern E:\3.46\pic18-lt\cxx-framework\src\traditional\proc\p18f4620.asm
                      TOS   0x000ffd       data     extern E:\3.46\pic18-lt\cxx-framework\src\traditional\proc\p18f4620.asm
                     TOSL   0x000ffd       data     extern E:\3.46\pic18-lt\cxx-framework\src\traditional\proc\p18f4620.asm
                     TOSH   0x000ffe       data     extern E:\3.46\pic18-lt\cxx-framework\src\traditional\proc\p18f4620.asm
                     TOSU   0x000fff       data     extern E:\3.46\pic18-lt\cxx-framework\src\traditional\proc\p18f4620.asm


